ids	A1__isoforms
flairiso1-1_ENSG00000108654.15	0
flairiso2-1_ENSG00000108654.15	0
flairiso3-1_ENSG00000108654.15	0
flairiso4-1_ENSG00000108654.15	0
flairiso5-1_ENSG00000108654.15	0
flairiso6-1_ENSG00000108654.15	0
7-1_ENST00000348547.6_ENSG00000125991.19	0
flairiso8-1_ENSG00000125991.19	0
9-1_ENST00000451605.1_ENSG00000125991.19	0
