feature_id	coordinate	A1_A_b0	A2_A_b0	A3_A_b0	B1_B_b0	B2_B_b0	B3_B_b0	isoform_ids
inclusion_chr12:25215560-25215436	chr12:25215560-25215436	37.0	34.0	36.0	43.0	41.0	36.0	ENST00000256078.9_ENSG00000133703.12
exclusion_chr12:25215560-25215436	chr12:25215560-25215436	40.0	40.0	38.0	52.0	49.0	38.0	ENST00000311936.8_ENSG00000133703.12
inclusion_chr17:64502069-64502009	chr17:64502069-64502009	460.0	380.0	390.0	40.0	45.0	42.0	HISEQ:1287:HKCG7BCX3:1:1105:8148:44134-0_ENSG00000108654.15,ENST00000225792.10_ENSG00000108654.15
exclusion_chr17:64502069-64502009	chr17:64502069-64502009	0.0	0.0	0.0	0.0	0.0	0.0	HISEQ:1287:HKCG7BCX3:1:1106:15192:70510-0_ENSG00000108654.15
inclusion_chr20:35554371-35554386	chr20:35554371-35554386	0.0	0.0	0.0	0.0	0.0	0.0	ENST00000357394.8_ENSG00000125991.19
exclusion_chr20:35554371-35554386	chr20:35554371-35554386	67.0	64.0	76.0	95.0	75.0	76.0	HISEQ:1287:HKCG7BCX3:1:1101:12283:18224-0_ENSG00000125991.19,ENST00000348547.6_ENSG00000125991.19
