feature_id	gene_id	A1_A_b0	A2_A_b0	A3_A_b0	B1_B_b0	B2_B_b0	B3_B_b0	lr	adj_pvalue
exclusion_chr17:64503348-64503429	chr17:64503348-64503429	0.936	0.936	0.936	0.856	0.856	0.856	41.09	2.91e-10
inclusion_chr17:64503348-64503429	chr17:64503348-64503429	0.064	0.064	0.064	0.144	0.144	0.144	41.09	2.91e-10
exclusion_chr17:64500773-64502009	chr17:64500773-64502009	0.926	0.926	0.926	0.859	0.859	0.859	31.22	2.3e-08
inclusion_chr17:64500773-64502009	chr17:64500773-64502009	0.074	0.074	0.074	0.141	0.141	0.141	31.22	2.3e-08
