feature_id	gene_id	A1_A_b0	A2_A_b0	A3_A_b0	B1_B_b0	B2_B_b0	B3_B_b0	lr	adj_pvalue
exclusion_chr20:35556271	chr20:35556271-35556954_chr20:35556271-35556972	0.58	0.58	0.58	0.015	0.015	0.015	1090.31	4.22e-239
inclusion_chr20:35556271	chr20:35556271-35556954_chr20:35556271-35556972	0.42	0.42	0.42	0.985	0.985	0.985	1090.31	4.22e-239
