feature_id	gene_id	A1_A_b0	A2_A_b0	A3_A_b0	B1_B_b0	B2_B_b0	B3_B_b0	lr	adj_pvalue
exclusion_chr12:25245395	chr12:25245395-25250750_chr12:25245395-25250763	0.85	0.85	0.85	0.437	0.437	0.437	4.12	0.0425
inclusion_chr12:25245395	chr12:25245395-25250750_chr12:25245395-25250763	0.15	0.15	0.15	0.563	0.563	0.563	4.12	0.0425
