1-1_ENST00000256078.9_ENSG00000133703.12	A1__isoforms..ENST00000256078.9_ENSG00000133703.12
2-1_ENST00000311936.8_ENSG00000133703.12	A1__isoforms..ENST00000311936.8_ENSG00000133703.12
flairiso3-1_ENSG00000133703.12	A1__isoforms..m54284U_201123_202240/38732288/ccs_ENSG00000133703.12
flairiso4-1_ENSG00000133703.12	A1__isoforms..m54284U_201123_202240/28902124/ccs_ENSG00000133703.12
flairiso5-1_ENSG00000133703.12	A1__isoforms..m54284U_201029_221949/68814148/ccs_ENSG00000133703.12
flairiso6-1_ENSG00000108654.15	A1__isoforms..m54284U_201123_202240/2163300/ccs_ENSG00000108654.15
7-1_ENST00000225792.10_ENSG00000108654.15	A1__isoforms..ENST00000225792.10_ENSG00000108654.15
flairiso8-1_ENSG00000108654.15	A1__isoforms..m54284U_201123_202240/160760815/ccs_ENSG00000108654.15
flairiso9-1_ENSG00000108654.15	A1__isoforms..m54284U_201029_221949/161481832/ccs_ENSG00000108654.15
10-1_ENST00000581230.5_ENSG00000108654.15	A1__isoforms..ENST00000581230.5_ENSG00000108654.15
flairiso11-1_ENSG00000108654.15	A1__isoforms..m54284U_201123_202240/60948670/ccs_ENSG00000108654.15
flairiso12-1_ENSG00000108654.15	A1__isoforms..m54284U_201123_202240/132317757/ccs_ENSG00000108654.15
flairiso13-1_ENSG00000108654.15	A1__isoforms..m54284U_201028_155127/148506553/ccs_ENSG00000108654.15
14-1_ENST00000348547.6_ENSG00000125991.19	A1__isoforms..ENST00000348547.6_ENSG00000125991.19
flairiso15-1_ENSG00000125991.19	A1__isoforms..m54284U_201028_155127/171640562/ccs_ENSG00000125991.19
