ids	A1__isoforms
1-1_ENST00000256078.9_ENSG00000133703.12	20
2-1_ENST00000311936.8_ENSG00000133703.12	117
flairiso3-1_ENSG00000133703.12	20
4-1_ENST00000225792.10_ENSG00000108654.15	484
5-1_ENST00000348547.6_ENSG00000125991.19	82
