1-1_ENST00000256078.9_ENSG00000133703.12	A1__isoforms..ENST00000256078.9_ENSG00000133703.12
2-1_ENST00000311936.8_ENSG00000133703.12	A1__isoforms..ENST00000311936.8_ENSG00000133703.12
lowexpiso_ENSG00000133703.12	A1__isoforms..m54284U_201123_202240/38732288/ccs_ENSG00000133703.12	A1__isoforms..m54284U_201123_202240/28902124/ccs_ENSG00000133703.12	A1__isoforms..m54284U_201029_221949/68814148/ccs_ENSG00000133703.12	A1__isoforms..m54284U_201123_202240/2163300/ccs_ENSG00000108654.15
3-1_ENST00000225792.10_ENSG00000108654.15	A1__isoforms..ENST00000225792.10_ENSG00000108654.15
lowexpiso_ENSG00000108654.15	A1__isoforms..m54284U_201123_202240/160760815/ccs_ENSG00000108654.15	A1__isoforms..m54284U_201029_221949/161481832/ccs_ENSG00000108654.15	A1__isoforms..ENST00000581230.5_ENSG00000108654.15	A1__isoforms..m54284U_201123_202240/60948670/ccs_ENSG00000108654.15	A1__isoforms..m54284U_201123_202240/132317757/ccs_ENSG00000108654.15	A1__isoforms..m54284U_201028_155127/148506553/ccs_ENSG00000108654.15
4-1_ENST00000348547.6_ENSG00000125991.19	A1__isoforms..ENST00000348547.6_ENSG00000125991.19
lowexpiso_ENSG00000125991.19	A1__isoforms..m54284U_201028_155127/171640562/ccs_ENSG00000125991.19
