ENST00000256078.9_ENSG00000133703.12	m54284U_201028_155127/178391116/ccs,m54284U_201028_155127/45942672/ccs,m54284U_201028_155127/122751676/ccs,m54284U_201028_155127/178258692/ccs,m54284U_201029_221949/68814148/ccs,m54284U_201029_221949/129238817/ccs,m54284U_201123_202240/5703277/ccs,m54284U_201123_202240/35326148/ccs,m54284U_201123_202240/83362896/ccs,m54284U_201123_202240/136448137/ccs,m54284U_201123_202240/142017942/ccs,m54284U_201123_202240/143854045/ccs,m54284U_201123_202240/138414741/ccs,m54284U_201123_202240/136512568/ccs,m54284U_201123_202240/144902705/ccs,m54284U_201028_155127/50594587/ccs,m54284U_201028_155127/152046170/ccs,m54284U_201029_221949/30409254/ccs,m54284U_201029_221949/117244959/ccs,m54284U_201123_202240/131006784/ccs,m54284U_201028_155127/13372235/ccs,m54284U_201028_155127/94766732/ccs,m54284U_201029_221949/126094105/ccs
ENST00000311936.8_ENSG00000133703.12	m54284U_201123_202240/24577117/ccs,m54284U_201123_202240/52233940/ccs,m54284U_201123_202240/119014068/ccs,m54284U_201029_221949/198446/ccs,m54284U_201028_155127/18613660/ccs,m54284U_201028_155127/41025750/ccs,m54284U_201028_155127/65668743/ccs,m54284U_201028_155127/86180228/ccs,m54284U_201028_155127/91489065/ccs,m54284U_201028_155127/94044528/ccs,m54284U_201028_155127/101124422/ccs,m54284U_201029_221949/17500447/ccs,m54284U_201029_221949/25887822/ccs,m54284U_201029_221949/36767794/ccs,m54284U_201029_221949/41289886/ccs,m54284U_201029_221949/42010846/ccs,m54284U_201029_221949/64226500/ccs,m54284U_201029_221949/66913346/ccs,m54284U_201029_221949/85393945/ccs,m54284U_201029_221949/127797780/ccs,m54284U_201029_221949/128188794/ccs,m54284U_201029_221949/132646592/ccs,m54284U_201029_221949/136709332/ccs,m54284U_201029_221949/174260783/ccs,m54284U_201123_202240/6621199/ccs,m54284U_201123_202240/15665189/ccs,m54284U_201123_202240/17173333/ccs,m54284U_201123_202240/18089160/ccs,m54284U_201123_202240/22678127/ccs,m54284U_201123_202240/27395263/ccs,m54284U_201123_202240/29165470/ccs,m54284U_201123_202240/38732288/ccs,m54284U_201123_202240/42271554/ccs,m54284U_201123_202240/53282239/ccs,m54284U_201123_202240/65145646/ccs,m54284U_201123_202240/80543987/ccs,m54284U_201123_202240/88736174/ccs,m54284U_201123_202240/89327119/ccs,m54284U_201123_202240/90375774/ccs,m54284U_201123_202240/100663797/ccs,m54284U_201123_202240/103746263/ccs,m54284U_201123_202240/104334528/ccs,m54284U_201123_202240/130418106/ccs,m54284U_201123_202240/166398804/ccs,m54284U_201123_202240/54265695/ccs,m54284U_201123_202240/1376406/ccs,m54284U_201123_202240/28836053/ccs,m54284U_201123_202240/35980470/ccs,m54284U_201123_202240/40766197/ccs,m54284U_201123_202240/40830555/ccs,m54284U_201123_202240/51380583/ccs,m54284U_201123_202240/90441677/ccs,m54284U_201123_202240/90898929/ccs,m54284U_201123_202240/92930177/ccs,m54284U_201123_202240/111083530/ccs,m54284U_201123_202240/143524739/ccs,m54284U_201123_202240/166134537/ccs,m54284U_201123_202240/167379662/ccs,m54284U_201028_155127/34668923/ccs,m54284U_201028_155127/47907777/ccs,m54284U_201028_155127/63244936/ccs,m54284U_201028_155127/71172958/ccs,m54284U_201028_155127/94570502/ccs,m54284U_201028_155127/109643610/ccs,m54284U_201028_155127/130025013/ccs,m54284U_201028_155127/146934119/ccs,m54284U_201028_155127/149226629/ccs,m54284U_201029_221949/2556435/ccs,m54284U_201029_221949/36766065/ccs,m54284U_201029_221949/140443966/ccs,m54284U_201029_221949/150406077/ccs,m54284U_201029_221949/168954339/ccs,m54284U_201029_221949/170068507/ccs,m54284U_201029_221949/176883382/ccs,m54284U_201029_221949/177275504/ccs,m54284U_201123_202240/27919860/ccs,m54284U_201123_202240/42338737/ccs,m54284U_201123_202240/48562936/ccs,m54284U_201123_202240/51643709/ccs,m54284U_201123_202240/59180084/ccs,m54284U_201123_202240/82315225/ccs,m54284U_201123_202240/91423976/ccs,m54284U_201123_202240/140576489/ccs,m54284U_201123_202240/147195320/ccs,m54284U_201123_202240/161614162/ccs,m54284U_201029_221949/87492050/ccs,m54284U_201028_155127/17630358/ccs,m54284U_201028_155127/167314641/ccs,m54284U_201123_202240/83167526/ccs,m54284U_201123_202240/86051573/ccs,m54284U_201123_202240/132581661/ccs,m54284U_201028_155127/92536947/ccs,m54284U_201028_155127/149096461/ccs,m54284U_201029_221949/86704687/ccs,m54284U_201029_221949/104858563/ccs,m54284U_201029_221949/142738262/ccs,m54284U_201123_202240/6882804/ccs,m54284U_201123_202240/48958234/ccs,m54284U_201123_202240/81136129/ccs,m54284U_201123_202240/82051705/ccs,m54284U_201123_202240/93259725/ccs,m54284U_201123_202240/101844032/ccs,m54284U_201123_202240/136054685/ccs,m54284U_201029_221949/27002605/ccs,m54284U_201123_202240/94373940/ccs,m54284U_201028_155127/113904089/ccs,m54284U_201123_202240/140904093/ccs,m54284U_201123_202240/23791877/ccs,m54284U_201123_202240/26806457/ccs,m54284U_201123_202240/35063295/ccs,m54284U_201123_202240/146604737/ccs,m54284U_201028_155127/23397694/ccs,m54284U_201029_221949/124717910/ccs,m54284U_201123_202240/8784694/ccs,m54284U_201029_221949/67502524/ccs,m54284U_201123_202240/150537051/ccs,m54284U_201028_155127/8979280/ccs,m54284U_201029_221949/144639509/ccs,m54284U_201029_221949/40502547/ccs,m54284U_201123_202240/36045634/ccs,m54284U_201028_155127/103680429/ccs,m54284U_201028_155127/151848715/ccs,m54284U_201123_202240/92932697/ccs
ENST00000556131.1_ENSG00000133703.12	m54284U_201123_202240/87558526/ccs
ENST00000225792.10_ENSG00000108654.15	m54284U_201123_202240/2163300/ccs,m54284U_201123_202240/7407243/ccs,m54284U_201123_202240/19137895/ccs,m54284U_201123_202240/30345862/ccs,m54284U_201123_202240/56952670/ccs,m54284U_201123_202240/59902688/ccs,m54284U_201123_202240/60360201/ccs,m54284U_201123_202240/65538789/ccs,m54284U_201123_202240/79366513/ccs,m54284U_201123_202240/89194735/ccs,m54284U_201123_202240/100075862/ccs,m54284U_201123_202240/148834937/ccs,m54284U_201123_202240/153881105/ccs,m54284U_201123_202240/163776771/ccs,m54284U_201123_202240/166266685/ccs,m54284U_201123_202240/169740503/ccs,m54284U_201123_202240/29821691/ccs,m54284U_201123_202240/74122308/ccs,m54284U_201028_155127/8784170/ccs,m54284U_201028_155127/30736609/ccs,m54284U_201028_155127/34538463/ccs,m54284U_201028_155127/40633243/ccs,m54284U_201029_221949/28050108/ccs,m54284U_201029_221949/48432574/ccs,m54284U_201029_221949/85067838/ccs,m54284U_201029_221949/116064616/ccs,m54284U_201029_221949/159517094/ccs,m54284U_201029_221949/172820501/ccs,m54284U_201123_202240/101647259/ccs,m54284U_201123_202240/121308658/ccs,m54284U_201029_221949/46202895/ccs,m54284U_201028_155127/7342726/ccs,m54284U_201028_155127/166069744/ccs,m54284U_201029_221949/47383659/ccs,m54284U_201123_202240/157877178/ccs,m54284U_201029_221949/169541796/ccs,m54284U_201123_202240/42992666/ccs,m54284U_201123_202240/125044088/ccs,m54284U_201123_202240/147654767/ccs,m54284U_201123_202240/165022062/ccs,m54284U_201123_202240/34079257/ccs,m54284U_201123_202240/37489424/ccs,m54284U_201028_155127/173803999/ccs,m54284U_201123_202240/3081581/ccs,m54284U_201028_155127/30736458/ccs,m54284U_201029_221949/12059091/ccs,m54284U_201123_202240/179242613/ccs,m54284U_201123_202240/12584637/ccs,m54284U_201123_202240/93520675/ccs,m54284U_201123_202240/175180217/ccs,m54284U_201123_202240/50792972/ccs,m54284U_201123_202240/59836257/ccs,m54284U_201028_155127/144506913/ccs,m54284U_201123_202240/68289/ccs,m54284U_201123_202240/592133/ccs,m54284U_201123_202240/4523759/ccs,m54284U_201123_202240/6751965/ccs,m54284U_201123_202240/8062359/ccs,m54284U_201123_202240/8587947/ccs,m54284U_201123_202240/8981138/ccs,m54284U_201123_202240/10289164/ccs,m54284U_201123_202240/13238949/ccs,m54284U_201123_202240/13763028/ccs,m54284U_201123_202240/16319944/ccs,m54284U_201123_202240/16714355/ccs,m54284U_201123_202240/17958720/ccs,m54284U_201123_202240/19991226/ccs,m54284U_201123_202240/22284318/ccs,m54284U_201123_202240/27133410/ccs,m54284U_201123_202240/28640675/ccs,m54284U_201123_202240/32311170/ccs,m54284U_201123_202240/32506259/ccs,m54284U_201123_202240/32702603/ccs,m54284U_201123_202240/34080448/ccs,m54284U_201123_202240/34212346/ccs,m54284U_201123_202240/35194452/ccs,m54284U_201123_202240/37815015/ccs,m54284U_201123_202240/39193400/ccs,m54284U_201123_202240/41945308/ccs,m54284U_201123_202240/42534808/ccs,m54284U_201123_202240/44171844/ccs,m54284U_201123_202240/46795183/ccs,m54284U_201123_202240/50464889/ccs,m54284U_201123_202240/50923292/ccs,m54284U_201123_202240/56363571/ccs,m54284U_201123_202240/56428709/ccs,m54284U_201123_202240/58917622/ccs,m54284U_201123_202240/59310217/ccs,m54284U_201123_202240/59312462/ccs,m54284U_201123_202240/63572556/ccs,m54284U_201123_202240/68550782/ccs,m54284U_201123_202240/69339016/ccs,m54284U_201123_202240/70320854/ccs,m54284U_201123_202240/70779760/ccs,m54284U_201123_202240/77398146/ccs,m54284U_201123_202240/84870367/ccs,m54284U_201123_202240/85394914/ccs,m54284U_201123_202240/89587982/ccs,m54284U_201123_202240/89720963/ccs,m54284U_201123_202240/90309157/ccs,m54284U_201123_202240/90374254/ccs,m54284U_201123_202240/90834779/ccs,m54284U_201123_202240/91357699/ccs,m54284U_201123_202240/92341586/ccs,m54284U_201123_202240/94044420/ccs,m54284U_201123_202240/94896328/ccs,m54284U_201123_202240/96798891/ccs,m54284U_201123_202240/97781239/ccs,m54284U_201123_202240/99093164/ccs,m54284U_201123_202240/101648544/ccs,m54284U_201123_202240/102304026/ccs,m54284U_201123_202240/106496623/ccs,m54284U_201123_202240/107612261/ccs,m54284U_201123_202240/108069518/ccs,m54284U_201123_202240/110496324/ccs,m54284U_201123_202240/112462272/ccs,m54284U_201123_202240/114494183/ccs,m54284U_201123_202240/116066624/ccs,m54284U_201123_202240/118227507/ccs,m54284U_201123_202240/119736465/ccs,m54284U_201123_202240/120915484/ccs,m54284U_201123_202240/121962665/ccs,m54284U_201123_202240/122028511/ccs,m54284U_201123_202240/122683474/ccs,m54284U_201123_202240/123276081/ccs,m54284U_201123_202240/124586343/ccs,m54284U_201123_202240/127664725/ccs,m54284U_201123_202240/129566242/ccs,m54284U_201123_202240/132055394/ccs,m54284U_201123_202240/133759163/ccs,m54284U_201123_202240/135856537/ccs,m54284U_201123_202240/136250309/ccs,m54284U_201123_202240/137495090/ccs,m54284U_201123_202240/139264285/ccs,m54284U_201123_202240/143002258/ccs,m54284U_201123_202240/145293543/ccs,m54284U_201123_202240/152109991/ccs,m54284U_201123_202240/152503312/ccs,m54284U_201123_202240/153684265/ccs,m54284U_201123_202240/154732929/ccs,m54284U_201123_202240/158141270/ccs,m54284U_201123_202240/159122157/ccs,m54284U_201123_202240/160564925/ccs,m54284U_201123_202240/160762099/ccs,m54284U_201123_202240/161810376/ccs,m54284U_201123_202240/164366857/ccs,m54284U_201123_202240/164628903/ccs,m54284U_201123_202240/164955249/ccs,m54284U_201123_202240/167053492/ccs,m54284U_201123_202240/167381785/ccs,m54284U_201123_202240/167840458/ccs,m54284U_201123_202240/170199630/ccs,m54284U_201123_202240/171575432/ccs,m54284U_201123_202240/177735793/ccs,m54284U_201123_202240/178585763/ccs,m54284U_201123_202240/180029774/ccs,m54284U_201123_202240/3213498/ccs,m54284U_201123_202240/5703782/ccs,m54284U_201123_202240/11142288/ccs,m54284U_201123_202240/12321944/ccs,m54284U_201123_202240/17172563/ccs,m54284U_201123_202240/17303911/ccs,m54284U_201123_202240/17892242/ccs,m54284U_201123_202240/23857676/ccs,m54284U_201123_202240/29297016/ccs,m54284U_201123_202240/35326117/ccs,m54284U_201123_202240/40436367/ccs,m54284U_201123_202240/40700251/ccs,m54284U_201123_202240/43255393/ccs,m54284U_201123_202240/46924909/ccs,m54284U_201123_202240/49742173/ccs,m54284U_201123_202240/53152114/ccs,m54284U_201123_202240/62064563/ccs,m54284U_201123_202240/62982467/ccs,m54284U_201123_202240/63571314/ccs,m54284U_201123_202240/66915090/ccs,m54284U_201123_202240/73991777/ccs,m54284U_201123_202240/83166169/ccs,m54284U_201123_202240/86900919/ccs,m54284U_201123_202240/95289862/ccs,m54284U_201123_202240/103484244/ccs,m54284U_201123_202240/104072243/ccs,m54284U_201123_202240/106889530/ccs,m54284U_201123_202240/107874229/ccs,m54284U_201123_202240/112984089/ccs,m54284U_201123_202240/114952619/ccs,m54284U_201123_202240/117770591/ccs,m54284U_201123_202240/126093498/ccs,m54284U_201123_202240/127992472/ccs,m54284U_201123_202240/130156559/ccs,m54284U_201123_202240/132581025/ccs,m54284U_201123_202240/145885547/ccs,m54284U_201123_202240/149752275/ccs,m54284U_201123_202240/150734307/ccs,m54284U_201123_202240/161941902/ccs,m54284U_201123_202240/165021856/ccs,m54284U_201123_202240/174917378/ccs,m54284U_201123_202240/176817318/ccs,m54284U_201123_202240/177670508/ccs,m54284U_201123_202240/180290760/ccs,m54284U_201123_202240/154535332/ccs,m54284U_201123_202240/60228838/ccs,m54284U_201123_202240/164104409/ccs,m54284U_201123_202240/172231365/ccs,m54284U_201028_155127/71763758/ccs,m54284U_201123_202240/85788328/ccs,m54284U_201028_155127/1836482/ccs,m54284U_201028_155127/2427511/ccs,m54284U_201028_155127/5834529/ccs,m54284U_201028_155127/8520010/ccs,m54284U_201028_155127/10683668/ccs,m54284U_201028_155127/15796933/ccs,m54284U_201028_155127/31785701/ccs,m54284U_201028_155127/32572273/ccs,m54284U_201028_155127/43845249/ccs,m54284U_201028_155127/44827966/ccs,m54284U_201028_155127/45024477/ccs,m54284U_201028_155127/45418908/ccs,m54284U_201028_155127/54986077/ccs,m54284U_201028_155127/58263748/ccs,m54284U_201028_155127/59902489/ccs,m54284U_201028_155127/60229518/ccs,m54284U_201028_155127/65865156/ccs,m54284U_201028_155127/67176467/ccs,m54284U_201028_155127/69665960/ccs,m54284U_201028_155127/71762180/ccs,m54284U_201028_155127/75565187/ccs,m54284U_201028_155127/77335319/ccs,m54284U_201028_155127/77989472/ccs,m54284U_201028_155127/78580050/ccs,m54284U_201028_155127/93847789/ccs,m54284U_201028_155127/97061699/ccs,m54284U_201028_155127/112264897/ccs,m54284U_201028_155127/119932707/ccs,m54284U_201028_155127/120392461/ccs,m54284U_201028_155127/122751724/ccs,m54284U_201028_155127/124453212/ccs,m54284U_201028_155127/126814728/ccs,m54284U_201028_155127/133826825/ccs,m54284U_201028_155127/140509788/ccs,m54284U_201028_155127/145687420/ccs,m54284U_201028_155127/146277561/ccs,m54284U_201028_155127/147196416/ccs,m54284U_201028_155127/150929945/ccs,m54284U_201028_155127/153289543/ccs,m54284U_201028_155127/153354341/ccs,m54284U_201028_155127/161810713/ccs,m54284U_201028_155127/162203455/ccs,m54284U_201028_155127/165347822/ccs,m54284U_201028_155127/166199853/ccs,m54284U_201028_155127/171901846/ccs,m54284U_201028_155127/172426709/ccs,m54284U_201028_155127/172819460/ccs,m54284U_201028_155127/176031505/ccs,m54284U_201028_155127/178063351/ccs,m54284U_201029_221949/6162060/ccs,m54284U_201029_221949/8194164/ccs,m54284U_201029_221949/10551616/ccs,m54284U_201029_221949/13175551/ccs,m54284U_201029_221949/14745811/ccs,m54284U_201029_221949/21692686/ccs,m54284U_201029_221949/25234106/ccs,m54284U_201029_221949/26673972/ccs,m54284U_201029_221949/26870733/ccs,m54284U_201029_221949/29229989/ccs,m54284U_201029_221949/31001107/ccs,m54284U_201029_221949/38798319/ccs,m54284U_201029_221949/54987010/ccs,m54284U_201029_221949/56557831/ccs,m54284U_201029_221949/58590413/ccs,m54284U_201029_221949/60163436/ccs,m54284U_201029_221949/63832822/ccs,m54284U_201029_221949/73074067/ccs,m54284U_201029_221949/74188257/ccs,m54284U_201029_221949/74582149/ccs,m54284U_201029_221949/74582549/ccs,m54284U_201029_221949/76483319/ccs,m54284U_201029_221949/81791668/ccs,m54284U_201029_221949/82315070/ccs,m54284U_201029_221949/84084269/ccs,m54284U_201029_221949/84804260/ccs,m54284U_201029_221949/85264608/ccs,m54284U_201029_221949/99158114/ccs,m54284U_201029_221949/103613797/ccs,m54284U_201029_221949/103809156/ccs,m54284U_201029_221949/125699594/ccs,m54284U_201029_221949/127797940/ccs,m54284U_201029_221949/130745372/ccs,m54284U_201029_221949/132909917/ccs,m54284U_201029_221949/135268689/ccs,m54284U_201029_221949/139135055/ccs,m54284U_201029_221949/140247974/ccs,m54284U_201029_221949/145951112/ccs,m54284U_201029_221949/147655237/ccs,m54284U_201029_221949/148638229/ccs,m54284U_201029_221949/153486102/ccs,m54284U_201029_221949/162924902/ccs,m54284U_201029_221949/163514391/ccs,m54284U_201029_221949/164365704/ccs,m54284U_201029_221949/171639011/ccs,m54284U_201123_202240/8323319/ccs,m54284U_201123_202240/8587143/ccs,m54284U_201123_202240/18284632/ccs,m54284U_201123_202240/20186086/ccs,m54284U_201123_202240/30278314/ccs,m54284U_201123_202240/32901296/ccs,m54284U_201123_202240/37029660/ccs,m54284U_201123_202240/38078176/ccs,m54284U_201123_202240/38208222/ccs,m54284U_201123_202240/38538011/ccs,m54284U_201123_202240/39324022/ccs,m54284U_201123_202240/41550535/ccs,m54284U_201123_202240/54396779/ccs,m54284U_201123_202240/72550843/ccs,m54284U_201123_202240/90180117/ccs,m54284U_201123_202240/102500739/ccs,m54284U_201123_202240/111938393/ccs,m54284U_201123_202240/112722471/ccs,m54284U_201123_202240/131467528/ccs,m54284U_201123_202240/139920300/ccs,m54284U_201123_202240/146343742/ccs,m54284U_201123_202240/147391031/ccs,m54284U_201123_202240/155583861/ccs,m54284U_201123_202240/159974331/ccs,m54284U_201123_202240/164955559/ccs,m54284U_201029_221949/40501373/ccs,m54284U_201028_155127/60031506/ccs,m54284U_201028_155127/68878599/ccs,m54284U_201028_155127/78645033/ccs,m54284U_201028_155127/97585942/ccs,m54284U_201028_155127/125108437/ccs,m54284U_201028_155127/160301643/ccs,m54284U_201028_155127/163317212/ccs,m54284U_201028_155127/178260258/ccs,m54284U_201029_221949/6423791/ccs,m54284U_201029_221949/13764819/ccs,m54284U_201029_221949/19335282/ccs,m54284U_201029_221949/73271336/ccs,m54284U_201029_221949/96600431/ccs,m54284U_201029_221949/97911189/ccs,m54284U_201029_221949/119735697/ccs,m54284U_201029_221949/143460757/ccs,m54284U_201029_221949/157287900/ccs,m54284U_201029_221949/161418069/ccs,m54284U_201123_202240/395988/ccs,m54284U_201123_202240/6095260/ccs,m54284U_201123_202240/6162050/ccs,m54284U_201123_202240/8784405/ccs,m54284U_201123_202240/11666510/ccs,m54284U_201123_202240/18023133/ccs,m54284U_201123_202240/23595429/ccs,m54284U_201123_202240/30802300/ccs,m54284U_201123_202240/35586672/ccs,m54284U_201123_202240/36964765/ccs,m54284U_201123_202240/37882011/ccs,m54284U_201123_202240/38667860/ccs,m54284U_201123_202240/40438292/ccs,m54284U_201123_202240/42533909/ccs,m54284U_201123_202240/52692745/ccs,m54284U_201123_202240/57737827/ccs,m54284U_201123_202240/59441318/ccs,m54284U_201123_202240/60949429/ccs,m54284U_201123_202240/65470489/ccs,m54284U_201123_202240/74122020/ccs,m54284U_201123_202240/77791365/ccs,m54284U_201123_202240/93717683/ccs,m54284U_201123_202240/97518137/ccs,m54284U_201123_202240/101254018/ccs,m54284U_201123_202240/102237118/ccs,m54284U_201123_202240/115017950/ccs,m54284U_201123_202240/127470309/ccs,m54284U_201123_202240/140182501/ccs,m54284U_201123_202240/144901714/ccs,m54284U_201123_202240/149031536/ccs,m54284U_201123_202240/152962448/ccs,m54284U_201123_202240/153421179/ccs,m54284U_201123_202240/165414844/ccs,m54284U_201123_202240/170920327/ccs,m54284U_201123_202240/172688834/ccs,m54284U_201123_202240/179700824/ccs,m54284U_201028_155127/17694888/ccs,m54284U_201028_155127/4653443/ccs,m54284U_201028_155127/6422952/ccs,m54284U_201028_155127/8587829/ccs,m54284U_201028_155127/13437223/ccs,m54284U_201028_155127/16911025/ccs,m54284U_201028_155127/17959094/ccs,m54284U_201028_155127/36701113/ccs,m54284U_201028_155127/42142340/ccs,m54284U_201028_155127/44696069/ccs,m54284U_201028_155127/45811670/ccs,m54284U_201028_155127/52889552/ccs,m54284U_201028_155127/56427511/ccs,m54284U_201028_155127/57017654/ccs,m54284U_201028_155127/57737738/ccs,m54284U_201028_155127/59835509/ccs,m54284U_201028_155127/74778830/ccs,m54284U_201028_155127/76481480/ccs,m54284U_201028_155127/80874105/ccs,m54284U_201028_155127/83101238/ccs,m54284U_201028_155127/87231010/ccs,m54284U_201028_155127/99025861/ccs,m54284U_201028_155127/107282651/ccs,m54284U_201028_155127/108267073/ccs,m54284U_201028_155127/127076708/ccs,m54284U_201028_155127/128516754/ccs,m54284U_201028_155127/137037957/ccs,m54284U_201028_155127/145885240/ccs,m54284U_201028_155127/148440265/ccs,m54284U_201028_155127/148506553/ccs,m54284U_201028_155127/149684362/ccs,m54284U_201028_155127/150865324/ccs,m54284U_201028_155127/155061031/ccs,m54284U_201028_155127/157483512/ccs,m54284U_201028_155127/166790229/ccs,m54284U_201028_155127/168298324/ccs,m54284U_201028_155127/177604163/ccs,m54284U_201029_221949/4851673/ccs,m54284U_201029_221949/5702963/ccs,m54284U_201029_221949/22545027/ccs,m54284U_201029_221949/23724134/ccs,m54284U_201029_221949/29754621/ccs,m54284U_201029_221949/32246056/ccs,m54284U_201029_221949/38864203/ccs,m54284U_201029_221949/39323879/ccs,m54284U_201029_221949/40045358/ccs,m54284U_201029_221949/54004554/ccs,m54284U_201029_221949/66650449/ccs,m54284U_201029_221949/78644332/ccs,m54284U_201029_221949/81592361/ccs,m54284U_201029_221949/96863499/ccs,m54284U_201029_221949/112724804/ccs,m54284U_201029_221949/116261491/ccs,m54284U_201029_221949/133630779/ccs,m54284U_201029_221949/143196339/ccs,m54284U_201029_221949/146867120/ccs,m54284U_201029_221949/147065416/ccs,m54284U_201029_221949/154666220/ccs,m54284U_201029_221949/157155831/ccs,m54284U_201029_221949/164365532/ccs,m54284U_201029_221949/165350211/ccs,m54284U_201029_221949/174392482/ccs,m54284U_201029_221949/174982258/ccs,m54284U_201123_202240/3212066/ccs,m54284U_201123_202240/15927302/ccs,m54284U_201123_202240/16190132/ccs,m54284U_201123_202240/20711759/ccs,m54284U_201123_202240/21825446/ccs,m54284U_201123_202240/27657240/ccs,m54284U_201123_202240/33425269/ccs,m54284U_201123_202240/34668858/ccs,m54284U_201123_202240/37881563/ccs,m54284U_201123_202240/40436696/ccs,m54284U_201123_202240/40503314/ccs,m54284U_201123_202240/44631692/ccs,m54284U_201123_202240/45810191/ccs,m54284U_201123_202240/46071899/ccs,m54284U_201123_202240/46794089/ccs,m54284U_201123_202240/47121453/ccs,m54284U_201123_202240/48171001/ccs,m54284U_201123_202240/50267672/ccs,m54284U_201123_202240/50858125/ccs,m54284U_201123_202240/56035558/ccs,m54284U_201123_202240/57346353/ccs,m54284U_201123_202240/60622060/ccs,m54284U_201123_202240/63701821/ccs,m54284U_201123_202240/66454169/ccs,m54284U_201123_202240/68815425/ccs,m54284U_201123_202240/69468430/ccs,m54284U_201123_202240/69928706/ccs,m54284U_201123_202240/70321388/ccs,m54284U_201123_202240/73008977/ccs,m54284U_201123_202240/73401888/ccs,m54284U_201123_202240/75433650/ccs,m54284U_201123_202240/78447063/ccs,m54284U_201123_202240/87361421/ccs,m54284U_201123_202240/89458125/ccs,m54284U_201123_202240/91883897/ccs,m54284U_201123_202240/94438484/ccs,m54284U_201123_202240/100534035/ccs,m54284U_201123_202240/102891641/ccs,m54284U_201123_202240/104662440/ccs,m54284U_201123_202240/105448645/ccs,m54284U_201123_202240/109249761/ccs,m54284U_201123_202240/111020197/ccs,m54284U_201123_202240/116131384/ccs,m54284U_201123_202240/116459652/ccs,m54284U_201123_202240/123863263/ccs,m54284U_201123_202240/132841603/ccs,m54284U_201123_202240/132973596/ccs,m54284U_201123_202240/134021312/ccs,m54284U_201123_202240/135331900/ccs,m54284U_201123_202240/143984230/ccs,m54284U_201123_202240/144310340/ccs,m54284U_201123_202240/145491683/ccs,m54284U_201123_202240/153684065/ccs,m54284U_201123_202240/155845366/ccs,m54284U_201123_202240/160235943/ccs,m54284U_201123_202240/160301120/ccs,m54284U_201123_202240/160434063/ccs,m54284U_201123_202240/162530570/ccs,m54284U_201123_202240/167184340/ccs,m54284U_201123_202240/169673407/ccs,m54284U_201123_202240/170526146/ccs,m54284U_201123_202240/172951108/ccs,m54284U_201123_202240/174721668/ccs,m54284U_201123_202240/176620628/ccs,m54284U_201123_202240/179438673/ccs,m54284U_201028_155127/86376954/ccs,m54284U_201123_202240/70257226/ccs,m54284U_201123_202240/31852520/ccs,m54284U_201123_202240/37487575/ccs,m54284U_201028_155127/160565798/ccs,m54284U_201123_202240/102367469/ccs,m54284U_201123_202240/47318215/ccs,m54284U_201123_202240/10291775/ccs,m54284U_201123_202240/89786727/ccs,m54284U_201123_202240/100401613/ccs,m54284U_201123_202240/67635266/ccs,m54284U_201029_221949/50069844/ccs,m54284U_201123_202240/169607392/ccs,m54284U_201123_202240/89063752/ccs,m54284U_201123_202240/121768711/ccs,m54284U_201123_202240/139198974/ccs,m54284U_201123_202240/154208130/ccs,m54284U_201029_221949/33292698/ccs,m54284U_201028_155127/1115752/ccs,m54284U_201028_155127/49612310/ccs,m54284U_201028_155127/163840546/ccs,m54284U_201029_221949/83493264/ccs
ENST00000581230.5_ENSG00000108654.15	m54284U_201123_202240/7539255/ccs,m54284U_201123_202240/21496710/ccs,m54284U_201123_202240/53479197/ccs,m54284U_201123_202240/66781281/ccs,m54284U_201123_202240/140968042/ccs,m54284U_201123_202240/142149231/ccs,m54284U_201123_202240/146473458/ccs,m54284U_201123_202240/153289925/ccs,m54284U_201123_202240/56625619/ccs,m54284U_201123_202240/93389422/ccs,m54284U_201123_202240/143853150/ccs,m54284U_201123_202240/179110991/ccs,m54284U_201123_202240/143327297/ccs,m54284U_201028_155127/85590786/ccs,m54284U_201028_155127/96077883/ccs,m54284U_201028_155127/127271612/ccs,m54284U_201123_202240/18483814/ccs,m54284U_201028_155127/34670930/ccs,m54284U_201028_155127/160563992/ccs,m54284U_201028_155127/162071588/ccs,m54284U_201029_221949/59507940/ccs,m54284U_201123_202240/100597919/ccs,m54284U_201123_202240/156173138/ccs,m54284U_201123_202240/16318938/ccs
ENST00000578804.5_ENSG00000108654.15	m54284U_201123_202240/95225297/ccs
ENST00000348547.6_ENSG00000125991.19	m54284U_201029_221949/22940405/ccs,m54284U_201123_202240/171509611/ccs,m54284U_201028_155127/82707233/ccs,m54284U_201123_202240/31721158/ccs,m54284U_201123_202240/129173984/ccs,m54284U_201123_202240/13896538/ccs,m54284U_201123_202240/87427392/ccs,m54284U_201029_221949/98829138/ccs,m54284U_201028_155127/170067649/ccs,m54284U_201123_202240/105777799/ccs,m54284U_201028_155127/72944334/ccs,m54284U_201123_202240/88147124/ccs,m54284U_201123_202240/128058569/ccs,m54284U_201028_155127/71697744/ccs,m54284U_201029_221949/134940945/ccs,m54284U_201029_221949/173409360/ccs,m54284U_201029_221949/170986107/ccs,m54284U_201028_155127/120261405/ccs,m54284U_201028_155127/46859188/ccs,m54284U_201028_155127/11928230/ccs,m54284U_201123_202240/18547961/ccs,m54284U_201123_202240/101779982/ccs,m54284U_201123_202240/109183011/ccs,m54284U_201123_202240/146474652/ccs,m54284U_201123_202240/13173903/ccs,m54284U_201028_155127/2361908/ccs,m54284U_201028_155127/129761339/ccs,m54284U_201029_221949/18875805/ccs,m54284U_201029_221949/62980517/ccs,m54284U_201029_221949/75302274/ccs,m54284U_201123_202240/12060061/ccs,m54284U_201123_202240/113117584/ccs,m54284U_201028_155127/94569912/ccs,m54284U_201123_202240/61278408/ccs,m54284U_201028_155127/85852421/ccs,m54284U_201028_155127/61343907/ccs,m54284U_201029_221949/46530583/ccs,m54284U_201029_221949/50137412/ccs,m54284U_201029_221949/112264398/ccs,m54284U_201029_221949/141821598/ccs,m54284U_201123_202240/178324729/ccs,m54284U_201028_155127/137627375/ccs,m54284U_201029_221949/62259953/ccs,m54284U_201029_221949/132449750/ccs,m54284U_201028_155127/44894949/ccs,m54284U_201028_155127/79102904/ccs,m54284U_201123_202240/41419606/ccs,m54284U_201123_202240/133892637/ccs,m54284U_201123_202240/107217527/ccs,m54284U_201029_221949/176490917/ccs,m54284U_201028_155127/162268090/ccs,m54284U_201029_221949/60688126/ccs,m54284U_201123_202240/37292085/ccs,m54284U_201028_155127/89653941/ccs,m54284U_201123_202240/62914824/ccs,m54284U_201123_202240/7602734/ccs,m54284U_201029_221949/54396423/ccs,m54284U_201029_221949/120521939/ccs,m54284U_201123_202240/2951207/ccs,m54284U_201028_155127/120193420/ccs,m54284U_201123_202240/140838216/ccs
