usage: flair module --help
module: align, correct, collapse, quantify


