HISEQ:1287:HKCG7BCX3:1:1106:3608:82860-0_chr12:25207000	HISEQ:1287:HKCG7BCX3:1:1108:17410:18559,HISEQ:1287:HKCG7BCX3:1:1102:13530:83858,HISEQ:1287:HKCG7BCX3:1:1108:13997:90625,HISEQ:1287:HKCG7BCX3:1:1105:4921:96560,HISEQ:1287:HKCG7BCX3:1:1102:16728:4752,HISEQ:1287:HKCG7BCX3:1:1104:18434:7600,HISEQ:1287:HKCG7BCX3:1:1106:11318:59764,HISEQ:1287:HKCG7BCX3:1:1106:9853:28585,HISEQ:1287:HKCG7BCX3:1:1108:16932:38795,HISEQ:1287:HKCG7BCX3:1:1107:7616:42943,HISEQ:1287:HKCG7BCX3:1:1105:5726:90597,HISEQ:1287:HKCG7BCX3:1:1107:18131:69230,HISEQ:1287:HKCG7BCX3:1:1104:18328:70655,HISEQ:1287:HKCG7BCX3:1:1103:5811:12785,HISEQ:1287:HKCG7BCX3:1:1113:18517:95295,HISEQ:1287:HKCG7BCX3:1:1106:6912:9197,HISEQ:1287:HKCG7BCX3:1:1102:4205:18341,HISEQ:1287:HKCG7BCX3:1:1108:4044:56854,HISEQ:1287:HKCG7BCX3:1:1107:7499:54102,HISEQ:1287:HKCG7BCX3:1:1102:13551:100275,HISEQ:1287:HKCG7BCX3:1:1104:7481:7311,HISEQ:1287:HKCG7BCX3:1:1111:6836:83528,HISEQ:1287:HKCG7BCX3:1:1102:17234:77156,HISEQ:1287:HKCG7BCX3:1:1109:10656:35514,HISEQ:1287:HKCG7BCX3:1:1103:13307:58274,HISEQ:1287:HKCG7BCX3:1:1109:16985:48598,HISEQ:1287:HKCG7BCX3:1:1103:1383:29344,HISEQ:1287:HKCG7BCX3:1:1103:5705:7574,HISEQ:1287:HKCG7BCX3:1:1110:3550:9899,HISEQ:1287:HKCG7BCX3:1:1101:5017:14631,HISEQ:1287:HKCG7BCX3:1:1104:18489:35954,HISEQ:1287:HKCG7BCX3:1:1109:5816:64473,HISEQ:1287:HKCG7BCX3:1:1101:14490:19110,HISEQ:1287:HKCG7BCX3:1:1112:19206:42062,HISEQ:1287:HKCG7BCX3:1:1107:9037:80293,HISEQ:1287:HKCG7BCX3:1:1106:8761:16695,HISEQ:1287:HKCG7BCX3:1:1111:14013:71436,HISEQ:1287:HKCG7BCX3:1:1101:2996:10381,HISEQ:1287:HKCG7BCX3:1:1109:15470:46913,HISEQ:1287:HKCG7BCX3:1:1113:12369:54290,HISEQ:1287:HKCG7BCX3:1:1106:7630:42751,HISEQ:1287:HKCG7BCX3:1:1110:2871:11779,HISEQ:1287:HKCG7BCX3:1:1111:4338:85042,HISEQ:1287:HKCG7BCX3:1:1106:5531:41849,HISEQ:1287:HKCG7BCX3:1:1102:1686:89493,HISEQ:1287:HKCG7BCX3:1:1103:9801:67552,HISEQ:1287:HKCG7BCX3:1:1107:13743:28663,HISEQ:1287:HKCG7BCX3:1:1105:2782:67644,HISEQ:1287:HKCG7BCX3:1:1114:1783:26765,HISEQ:1287:HKCG7BCX3:1:1110:13473:100202,HISEQ:1287:HKCG7BCX3:1:1106:2972:6503,HISEQ:1287:HKCG7BCX3:1:1107:17316:87531,HISEQ:1287:HKCG7BCX3:1:1110:5116:71168,HISEQ:1287:HKCG7BCX3:1:1107:20606:30928,HISEQ:1287:HKCG7BCX3:1:1108:10177:5431,HISEQ:1287:HKCG7BCX3:1:1103:1963:22608,HISEQ:1287:HKCG7BCX3:1:1113:9124:44339,HISEQ:1287:HKCG7BCX3:1:1111:7444:89635,HISEQ:1287:HKCG7BCX3:1:1101:9137:46083,HISEQ:1287:HKCG7BCX3:1:1103:21064:56476,HISEQ:1287:HKCG7BCX3:1:1104:11668:27447,HISEQ:1287:HKCG7BCX3:1:1106:15307:25207,HISEQ:1287:HKCG7BCX3:1:1106:17488:56104,HISEQ:1287:HKCG7BCX3:1:1102:15104:90547,HISEQ:1287:HKCG7BCX3:1:1103:4456:90135,HISEQ:1287:HKCG7BCX3:1:1107:15377:93185,HISEQ:1287:HKCG7BCX3:1:1103:11699:76516,HISEQ:1287:HKCG7BCX3:1:1105:14899:94624,HISEQ:1287:HKCG7BCX3:1:1103:8417:77059,HISEQ:1287:HKCG7BCX3:1:1113:5757:40888,HISEQ:1287:HKCG7BCX3:1:1101:13843:59067,HISEQ:1287:HKCG7BCX3:1:1111:9139:84261,HISEQ:1287:HKCG7BCX3:1:1109:5457:4551,HISEQ:1287:HKCG7BCX3:1:1114:3775:38756,HISEQ:1287:HKCG7BCX3:1:1102:12499:44543,HISEQ:1287:HKCG7BCX3:1:1110:8563:27437,HISEQ:1287:HKCG7BCX3:1:1112:9348:32326,HISEQ:1287:HKCG7BCX3:1:1104:11014:63923,HISEQ:1287:HKCG7BCX3:1:1111:4366:70129,HISEQ:1287:HKCG7BCX3:1:1105:16302:63733,HISEQ:1287:HKCG7BCX3:1:1101:19085:55743,HISEQ:1287:HKCG7BCX3:1:1107:5474:73427,HISEQ:1287:HKCG7BCX3:1:1107:17033:52234,HISEQ:1287:HKCG7BCX3:1:1108:13138:27182,HISEQ:1287:HKCG7BCX3:1:1103:16646:10385,HISEQ:1287:HKCG7BCX3:1:1107:18630:69244,HISEQ:1287:HKCG7BCX3:1:1103:6032:88865,HISEQ:1287:HKCG7BCX3:1:1105:4593:57544,HISEQ:1287:HKCG7BCX3:1:1112:5514:98360,HISEQ:1287:HKCG7BCX3:1:1113:11148:40868,HISEQ:1287:HKCG7BCX3:1:1106:13365:99257,HISEQ:1287:HKCG7BCX3:1:1102:12552:68629,HISEQ:1287:HKCG7BCX3:1:1105:1371:90925,HISEQ:1287:HKCG7BCX3:1:1111:19609:58639,HISEQ:1287:HKCG7BCX3:1:1108:17743:25209,HISEQ:1287:HKCG7BCX3:1:1106:20653:76099,HISEQ:1287:HKCG7BCX3:1:1107:7743:16947,HISEQ:1287:HKCG7BCX3:1:1114:12129:37868,HISEQ:1287:HKCG7BCX3:1:1108:19578:44647,HISEQ:1287:HKCG7BCX3:1:1113:19423:71141,HISEQ:1287:HKCG7BCX3:1:1107:18912:64369,HISEQ:1287:HKCG7BCX3:1:1105:2951:17884,HISEQ:1287:HKCG7BCX3:1:1108:20792:85932,HISEQ:1287:HKCG7BCX3:1:1101:12722:97907,HISEQ:1287:HKCG7BCX3:1:1101:10840:84574,HISEQ:1287:HKCG7BCX3:1:1107:6286:47179,HISEQ:1287:HKCG7BCX3:1:1106:17802:96954,HISEQ:1287:HKCG7BCX3:1:1105:6452:32608,HISEQ:1287:HKCG7BCX3:1:1109:14698:94276,HISEQ:1287:HKCG7BCX3:1:1102:18101:92185,HISEQ:1287:HKCG7BCX3:1:1109:14200:95433,HISEQ:1287:HKCG7BCX3:1:1103:10076:92478,HISEQ:1287:HKCG7BCX3:1:1101:15538:100027,HISEQ:1287:HKCG7BCX3:1:1102:1593:31024,HISEQ:1287:HKCG7BCX3:1:1111:8082:26682,HISEQ:1287:HKCG7BCX3:1:1107:7610:49233,HISEQ:1287:HKCG7BCX3:1:1103:19266:7579,HISEQ:1287:HKCG7BCX3:1:1105:20899:71122,HISEQ:1287:HKCG7BCX3:1:1105:6707:71269,HISEQ:1287:HKCG7BCX3:1:1106:12870:5131,HISEQ:1287:HKCG7BCX3:1:1106:8302:44838,HISEQ:1287:HKCG7BCX3:1:1101:14304:100184,HISEQ:1287:HKCG7BCX3:1:1111:13008:2858,HISEQ:1287:HKCG7BCX3:1:1107:7563:71968,HISEQ:1287:HKCG7BCX3:1:1104:17902:34958,HISEQ:1287:HKCG7BCX3:1:1102:6688:24631,HISEQ:1287:HKCG7BCX3:1:1109:20413:37261,HISEQ:1287:HKCG7BCX3:1:1105:13358:13609,HISEQ:1287:HKCG7BCX3:1:1104:21131:90880,HISEQ:1287:HKCG7BCX3:1:1105:2997:85573,HISEQ:1287:HKCG7BCX3:1:1106:13642:76352,HISEQ:1287:HKCG7BCX3:1:1107:9191:23046,HISEQ:1287:HKCG7BCX3:1:1110:21099:22324,HISEQ:1287:HKCG7BCX3:1:1107:14653:40751,HISEQ:1287:HKCG7BCX3:1:1102:14439:71082,HISEQ:1287:HKCG7BCX3:1:1106:12639:15228,HISEQ:1287:HKCG7BCX3:1:1105:2487:95826,HISEQ:1287:HKCG7BCX3:1:1107:11713:13473,HISEQ:1287:HKCG7BCX3:1:1114:11792:11501,HISEQ:1287:HKCG7BCX3:1:1104:8368:30457,HISEQ:1287:HKCG7BCX3:1:1104:2444:51920,HISEQ:1287:HKCG7BCX3:1:1110:11608:7888,HISEQ:1287:HKCG7BCX3:1:1106:6319:13243,HISEQ:1287:HKCG7BCX3:1:1104:9017:97509,HISEQ:1287:HKCG7BCX3:1:1104:18563:15759,HISEQ:1287:HKCG7BCX3:1:1104:7327:70726,HISEQ:1287:HKCG7BCX3:1:1113:17309:72700,HISEQ:1287:HKCG7BCX3:1:1107:19954:24916,HISEQ:1287:HKCG7BCX3:1:1107:3142:5926,HISEQ:1287:HKCG7BCX3:1:1105:9815:58027,HISEQ:1287:HKCG7BCX3:1:1101:12703:11948,HISEQ:1287:HKCG7BCX3:1:1109:4545:51128,HISEQ:1287:HKCG7BCX3:1:1107:5720:34582,HISEQ:1287:HKCG7BCX3:1:1105:6422:50614,HISEQ:1287:HKCG7BCX3:1:1106:9413:100295,HISEQ:1287:HKCG7BCX3:1:1114:6851:39116,HISEQ:1287:HKCG7BCX3:1:1104:14867:57668,HISEQ:1287:HKCG7BCX3:1:1102:13570:53004,HISEQ:1287:HKCG7BCX3:1:1103:4091:8479,HISEQ:1287:HKCG7BCX3:1:1106:4388:56930,HISEQ:1287:HKCG7BCX3:1:1112:18228:4658,HISEQ:1287:HKCG7BCX3:1:1101:5555:33728,HISEQ:1287:HKCG7BCX3:1:1101:3818:81625,HISEQ:1287:HKCG7BCX3:1:1102:3801:6883,HISEQ:1287:HKCG7BCX3:1:1107:20005:96984,HISEQ:1287:HKCG7BCX3:1:1107:3808:60044,HISEQ:1287:HKCG7BCX3:1:1102:13232:32287,HISEQ:1287:HKCG7BCX3:1:1103:12507:93543,HISEQ:1287:HKCG7BCX3:1:1108:11523:3842,HISEQ:1287:HKCG7BCX3:1:1104:18802:79379,HISEQ:1287:HKCG7BCX3:1:1103:17378:84643,HISEQ:1287:HKCG7BCX3:1:1101:11683:39861,HISEQ:1287:HKCG7BCX3:1:1103:14029:96229,HISEQ:1287:HKCG7BCX3:1:1102:11996:28084,HISEQ:1287:HKCG7BCX3:1:1106:5425:16663,HISEQ:1287:HKCG7BCX3:1:1103:7885:61206,HISEQ:1287:HKCG7BCX3:1:1104:20149:90908,HISEQ:1287:HKCG7BCX3:1:1111:21144:98473,HISEQ:1287:HKCG7BCX3:1:1113:5723:72313,HISEQ:1287:HKCG7BCX3:1:1102:6640:98000,HISEQ:1287:HKCG7BCX3:1:1102:5039:9863,HISEQ:1287:HKCG7BCX3:1:1106:3696:68645,HISEQ:1287:HKCG7BCX3:1:1106:17297:10516,HISEQ:1287:HKCG7BCX3:1:1111:2331:2384,HISEQ:1287:HKCG7BCX3:1:1107:13480:80705,HISEQ:1287:HKCG7BCX3:1:1107:11215:3005,HISEQ:1287:HKCG7BCX3:1:1106:18282:23952,HISEQ:1287:HKCG7BCX3:1:1105:3779:95822,HISEQ:1287:HKCG7BCX3:1:1101:15194:47830,HISEQ:1287:HKCG7BCX3:1:1105:18179:8006,HISEQ:1287:HKCG7BCX3:1:1107:2714:13590,HISEQ:1287:HKCG7BCX3:1:1114:11052:37682,HISEQ:1287:HKCG7BCX3:1:1109:11305:63371,HISEQ:1287:HKCG7BCX3:1:1111:13635:56916,HISEQ:1287:HKCG7BCX3:1:1106:14742:75120,HISEQ:1287:HKCG7BCX3:1:1111:6654:47292,HISEQ:1287:HKCG7BCX3:1:1103:15658:68012,HISEQ:1287:HKCG7BCX3:1:1102:14358:21516,HISEQ:1287:HKCG7BCX3:1:1111:3721:98281,HISEQ:1287:HKCG7BCX3:1:1102:3606:20597,HISEQ:1287:HKCG7BCX3:1:1112:1401:97710,HISEQ:1287:HKCG7BCX3:1:1108:11726:22482,HISEQ:1287:HKCG7BCX3:1:1114:2694:28563,HISEQ:1287:HKCG7BCX3:1:1106:18462:42867,HISEQ:1287:HKCG7BCX3:1:1112:11090:59856,HISEQ:1287:HKCG7BCX3:1:1104:9110:90807,HISEQ:1287:HKCG7BCX3:1:1112:4253:58469,HISEQ:1287:HKCG7BCX3:1:1112:2528:16008,HISEQ:1287:HKCG7BCX3:1:1107:18523:93728,HISEQ:1287:HKCG7BCX3:1:1108:11632:7201,HISEQ:1287:HKCG7BCX3:1:1111:18864:46457,HISEQ:1287:HKCG7BCX3:1:1113:9220:85707,HISEQ:1287:HKCG7BCX3:1:1102:6091:5620,HISEQ:1287:HKCG7BCX3:1:1103:11586:35243,HISEQ:1287:HKCG7BCX3:1:1113:3887:70733,HISEQ:1287:HKCG7BCX3:1:1108:13430:86543,HISEQ:1287:HKCG7BCX3:1:1103:6472:32389,HISEQ:1287:HKCG7BCX3:1:1102:6337:97117,HISEQ:1287:HKCG7BCX3:1:1104:19113:79601,HISEQ:1287:HKCG7BCX3:1:1105:12017:77809,HISEQ:1287:HKCG7BCX3:1:1101:20457:41439,HISEQ:1287:HKCG7BCX3:1:1101:8249:34061,HISEQ:1287:HKCG7BCX3:1:1112:19351:69682,HISEQ:1287:HKCG7BCX3:1:1101:19673:78028,HISEQ:1287:HKCG7BCX3:1:1103:3638:88872,HISEQ:1287:HKCG7BCX3:1:1111:6522:89672,HISEQ:1287:HKCG7BCX3:1:1106:6731:2799,HISEQ:1287:HKCG7BCX3:1:1102:16705:78659,HISEQ:1287:HKCG7BCX3:1:1104:5061:76939,HISEQ:1287:HKCG7BCX3:1:1104:9921:49108,HISEQ:1287:HKCG7BCX3:1:1102:6426:92910,HISEQ:1287:HKCG7BCX3:1:1102:20962:50067,HISEQ:1287:HKCG7BCX3:1:1113:1692:4002,HISEQ:1287:HKCG7BCX3:1:1110:7458:43681,HISEQ:1287:HKCG7BCX3:1:1101:6399:65434,HISEQ:1287:HKCG7BCX3:1:1106:2114:74927,HISEQ:1287:HKCG7BCX3:1:1104:9065:55295,HISEQ:1287:HKCG7BCX3:1:1114:18197:37779,HISEQ:1287:HKCG7BCX3:1:1104:5565:24230,HISEQ:1287:HKCG7BCX3:1:1103:10687:93761,HISEQ:1287:HKCG7BCX3:1:1103:9405:62056,HISEQ:1287:HKCG7BCX3:1:1103:15028:100330,HISEQ:1287:HKCG7BCX3:1:1101:4019:80498,HISEQ:1287:HKCG7BCX3:1:1106:7459:21339,HISEQ:1287:HKCG7BCX3:1:1101:1676:64370,HISEQ:1287:HKCG7BCX3:1:1109:3383:6062,HISEQ:1287:HKCG7BCX3:1:1102:21214:89389,HISEQ:1287:HKCG7BCX3:1:1103:4445:27965,HISEQ:1287:HKCG7BCX3:1:1107:17479:14307,HISEQ:1287:HKCG7BCX3:1:1102:13891:90390,HISEQ:1287:HKCG7BCX3:1:1112:10036:4482,HISEQ:1287:HKCG7BCX3:1:1111:10954:88390,HISEQ:1287:HKCG7BCX3:1:1113:18014:83325,HISEQ:1287:HKCG7BCX3:1:1106:16922:98760,HISEQ:1287:HKCG7BCX3:1:1102:12151:67437,HISEQ:1287:HKCG7BCX3:1:1104:16583:11611,HISEQ:1287:HKCG7BCX3:1:1104:17447:69880,HISEQ:1287:HKCG7BCX3:1:1105:16658:59863,HISEQ:1287:HKCG7BCX3:1:1102:12759:23059,HISEQ:1287:HKCG7BCX3:1:1102:14034:82842,HISEQ:1287:HKCG7BCX3:1:1107:11271:36022,HISEQ:1287:HKCG7BCX3:1:1104:15192:77234,HISEQ:1287:HKCG7BCX3:1:1105:8541:56886,HISEQ:1287:HKCG7BCX3:1:1109:18714:78463,HISEQ:1287:HKCG7BCX3:1:1106:15015:76806,HISEQ:1287:HKCG7BCX3:1:1107:10615:71290,HISEQ:1287:HKCG7BCX3:1:1113:18554:68546,HISEQ:1287:HKCG7BCX3:1:1107:8875:12105,HISEQ:1287:HKCG7BCX3:1:1103:18689:6415,HISEQ:1287:HKCG7BCX3:1:1101:13321:72722,HISEQ:1287:HKCG7BCX3:1:1101:1823:69920,HISEQ:1287:HKCG7BCX3:1:1102:6372:22762,HISEQ:1287:HKCG7BCX3:1:1105:5626:85579,HISEQ:1287:HKCG7BCX3:1:1104:6374:92450,HISEQ:1287:HKCG7BCX3:1:1101:6947:46449,HISEQ:1287:HKCG7BCX3:1:1113:9398:44326,HISEQ:1287:HKCG7BCX3:1:1104:16893:88519,HISEQ:1287:HKCG7BCX3:1:1113:8142:99300,HISEQ:1287:HKCG7BCX3:1:1114:11049:24442,HISEQ:1287:HKCG7BCX3:1:1104:5573:36702,HISEQ:1287:HKCG7BCX3:1:1105:17164:78902,HISEQ:1287:HKCG7BCX3:1:1107:10355:67375,HISEQ:1287:HKCG7BCX3:1:1107:10139:26832,HISEQ:1287:HKCG7BCX3:1:1105:4350:92846,HISEQ:1287:HKCG7BCX3:1:1103:2490:43053,HISEQ:1287:HKCG7BCX3:1:1108:14539:9597,HISEQ:1287:HKCG7BCX3:1:1113:15217:18102,HISEQ:1287:HKCG7BCX3:1:1107:12604:9209,HISEQ:1287:HKCG7BCX3:1:1108:21283:34370,HISEQ:1287:HKCG7BCX3:1:1103:6239:72844,HISEQ:1287:HKCG7BCX3:1:1107:6327:69953,HISEQ:1287:HKCG7BCX3:1:1110:1310:42821,HISEQ:1287:HKCG7BCX3:1:1105:8861:5630,HISEQ:1287:HKCG7BCX3:1:1109:19588:77960,HISEQ:1287:HKCG7BCX3:1:1112:13079:55077,HISEQ:1287:HKCG7BCX3:1:1105:13813:32454,HISEQ:1287:HKCG7BCX3:1:1110:14625:82834,HISEQ:1287:HKCG7BCX3:1:1101:10287:53003,HISEQ:1287:HKCG7BCX3:1:1101:9929:7630,HISEQ:1287:HKCG7BCX3:1:1107:17429:7059,HISEQ:1287:HKCG7BCX3:1:1112:4110:13651,HISEQ:1287:HKCG7BCX3:1:1103:11408:34688,HISEQ:1287:HKCG7BCX3:1:1108:17731:38026,HISEQ:1287:HKCG7BCX3:1:1111:2437:28648,HISEQ:1287:HKCG7BCX3:1:1104:4206:74835,HISEQ:1287:HKCG7BCX3:1:1102:5427:76258,HISEQ:1287:HKCG7BCX3:1:1106:15903:88558,HISEQ:1287:HKCG7BCX3:1:1105:17491:50025,HISEQ:1287:HKCG7BCX3:1:1106:1509:9652,HISEQ:1287:HKCG7BCX3:1:1104:14809:9659,HISEQ:1287:HKCG7BCX3:1:1106:3608:82860,HISEQ:1287:HKCG7BCX3:1:1104:18276:75781,HISEQ:1287:HKCG7BCX3:1:1112:11759:57379,HISEQ:1287:HKCG7BCX3:1:1104:20808:30509,HISEQ:1287:HKCG7BCX3:1:1102:14985:26652,HISEQ:1287:HKCG7BCX3:1:1103:1318:72439,HISEQ:1287:HKCG7BCX3:1:1105:18130:5746,HISEQ:1287:HKCG7BCX3:1:1111:7868:28213,HISEQ:1287:HKCG7BCX3:1:1103:21098:12631,HISEQ:1287:HKCG7BCX3:1:1105:17183:70800,HISEQ:1287:HKCG7BCX3:1:1102:17841:16010,HISEQ:1287:HKCG7BCX3:1:1107:18211:57151,HISEQ:1287:HKCG7BCX3:1:1105:11170:50887,HISEQ:1287:HKCG7BCX3:1:1106:5943:13649,HISEQ:1287:HKCG7BCX3:1:1102:15059:93393,HISEQ:1287:HKCG7BCX3:1:1114:18617:9028,HISEQ:1287:HKCG7BCX3:1:1111:13768:57965,HISEQ:1287:HKCG7BCX3:1:1103:2887:15185,HISEQ:1287:HKCG7BCX3:1:1103:21108:84368,HISEQ:1287:HKCG7BCX3:1:1105:13177:53724,HISEQ:1287:HKCG7BCX3:1:1107:5446:27390,HISEQ:1287:HKCG7BCX3:1:1106:14150:54273,HISEQ:1287:HKCG7BCX3:1:1109:18284:78136,HISEQ:1287:HKCG7BCX3:1:1101:7138:22433,HISEQ:1287:HKCG7BCX3:1:1107:8939:8679,HISEQ:1287:HKCG7BCX3:1:1104:7168:26055,HISEQ:1287:HKCG7BCX3:1:1102:10550:12005,HISEQ:1287:HKCG7BCX3:1:1102:19197:44777,HISEQ:1287:HKCG7BCX3:1:1105:13467:54314,HISEQ:1287:HKCG7BCX3:1:1106:18437:31556,HISEQ:1287:HKCG7BCX3:1:1111:13313:12304,HISEQ:1287:HKCG7BCX3:1:1103:20052:28660,HISEQ:1287:HKCG7BCX3:1:1101:3741:31751,HISEQ:1287:HKCG7BCX3:1:1110:12659:68720,HISEQ:1287:HKCG7BCX3:1:1108:13961:99968,HISEQ:1287:HKCG7BCX3:1:1108:14338:16394,HISEQ:1287:HKCG7BCX3:1:1103:13453:87240,HISEQ:1287:HKCG7BCX3:1:1104:20805:81928,HISEQ:1287:HKCG7BCX3:1:1108:1272:35110,HISEQ:1287:HKCG7BCX3:1:1101:20745:51427,HISEQ:1287:HKCG7BCX3:1:1109:11530:52115,HISEQ:1287:HKCG7BCX3:1:1101:16939:26926,HISEQ:1287:HKCG7BCX3:1:1102:14818:15930,HISEQ:1287:HKCG7BCX3:1:1104:3882:21742,HISEQ:1287:HKCG7BCX3:1:1103:1827:84243,HISEQ:1287:HKCG7BCX3:1:1108:4634:90502,HISEQ:1287:HKCG7BCX3:1:1102:19324:41061,HISEQ:1287:HKCG7BCX3:1:1111:1594:70574,HISEQ:1287:HKCG7BCX3:1:1105:5917:58162,HISEQ:1287:HKCG7BCX3:1:1105:1818:76716,HISEQ:1287:HKCG7BCX3:1:1102:4660:42503,HISEQ:1287:HKCG7BCX3:1:1113:6318:99060,HISEQ:1287:HKCG7BCX3:1:1112:6324:2872,HISEQ:1287:HKCG7BCX3:1:1109:9746:66179,HISEQ:1287:HKCG7BCX3:1:1104:2471:20351,HISEQ:1287:HKCG7BCX3:1:1108:16552:32992,HISEQ:1287:HKCG7BCX3:1:1110:9898:44301,HISEQ:1287:HKCG7BCX3:1:1104:15855:98200,HISEQ:1287:HKCG7BCX3:1:1103:13733:22863,HISEQ:1287:HKCG7BCX3:1:1105:17656:27150,HISEQ:1287:HKCG7BCX3:1:1104:5295:15725,HISEQ:1287:HKCG7BCX3:1:1111:20251:61463,HISEQ:1287:HKCG7BCX3:1:1113:7091:15102,HISEQ:1287:HKCG7BCX3:1:1102:6107:70284,HISEQ:1287:HKCG7BCX3:1:1106:6515:82730,HISEQ:1287:HKCG7BCX3:1:1104:5746:92268,HISEQ:1287:HKCG7BCX3:1:1109:1468:33686,HISEQ:1287:HKCG7BCX3:1:1109:11260:51573,HISEQ:1287:HKCG7BCX3:1:1108:17630:85739,HISEQ:1287:HKCG7BCX3:1:1107:4668:15886,HISEQ:1287:HKCG7BCX3:1:1103:11279:14848,HISEQ:1287:HKCG7BCX3:1:1105:13984:39676,HISEQ:1287:HKCG7BCX3:1:1111:13931:16283,HISEQ:1287:HKCG7BCX3:1:1101:2276:96801,HISEQ:1287:HKCG7BCX3:1:1105:13835:6903,HISEQ:1287:HKCG7BCX3:1:1102:17346:48245,HISEQ:1287:HKCG7BCX3:1:1105:14163:52235,HISEQ:1287:HKCG7BCX3:1:1107:14080:13641,HISEQ:1287:HKCG7BCX3:1:1108:17458:26186,HISEQ:1287:HKCG7BCX3:1:1106:5073:68601,HISEQ:1287:HKCG7BCX3:1:1114:8647:31391,HISEQ:1287:HKCG7BCX3:1:1111:18059:74161,HISEQ:1287:HKCG7BCX3:1:1105:5294:6061,HISEQ:1287:HKCG7BCX3:1:1111:17243:87384,HISEQ:1287:HKCG7BCX3:1:1107:10327:43348,HISEQ:1287:HKCG7BCX3:1:1102:13624:13056,HISEQ:1287:HKCG7BCX3:1:1104:13345:73074,HISEQ:1287:HKCG7BCX3:1:1101:21060:3549,HISEQ:1287:HKCG7BCX3:1:1103:9713:20195,HISEQ:1287:HKCG7BCX3:1:1106:19244:99493,HISEQ:1287:HKCG7BCX3:1:1107:8953:96666,HISEQ:1287:HKCG7BCX3:1:1107:19616:76928,HISEQ:1287:HKCG7BCX3:1:1103:20728:77345,HISEQ:1287:HKCG7BCX3:1:1111:14320:89024,HISEQ:1287:HKCG7BCX3:1:1111:11289:31741,HISEQ:1287:HKCG7BCX3:1:1103:12415:65429,HISEQ:1287:HKCG7BCX3:1:1110:19863:52925,HISEQ:1287:HKCG7BCX3:1:1107:17963:26399,HISEQ:1287:HKCG7BCX3:1:1106:4596:29188,HISEQ:1287:HKCG7BCX3:1:1109:12451:37180,HISEQ:1287:HKCG7BCX3:1:1114:11963:31629,HISEQ:1287:HKCG7BCX3:1:1110:2698:27655,HISEQ:1287:HKCG7BCX3:1:1108:16282:26348,HISEQ:1287:HKCG7BCX3:1:1102:3759:32791,HISEQ:1287:HKCG7BCX3:1:1112:4726:71148,HISEQ:1287:HKCG7BCX3:1:1101:18130:21509,HISEQ:1287:HKCG7BCX3:1:1106:3147:45518,HISEQ:1287:HKCG7BCX3:1:1105:18937:26861,HISEQ:1287:HKCG7BCX3:1:1112:6623:83065,HISEQ:1287:HKCG7BCX3:1:1104:5498:3688,HISEQ:1287:HKCG7BCX3:1:1104:20581:9807,HISEQ:1287:HKCG7BCX3:1:1110:4561:83248,HISEQ:1287:HKCG7BCX3:1:1104:7529:45838,HISEQ:1287:HKCG7BCX3:1:1106:8236:47165,HISEQ:1287:HKCG7BCX3:1:1110:21229:27540,HISEQ:1287:HKCG7BCX3:1:1102:1600:74434,HISEQ:1287:HKCG7BCX3:1:1101:12060:31394,HISEQ:1287:HKCG7BCX3:1:1105:5734:24691,HISEQ:1287:HKCG7BCX3:1:1107:6145:59010,HISEQ:1287:HKCG7BCX3:1:1114:1325:28154,HISEQ:1287:HKCG7BCX3:1:1114:18519:14857,HISEQ:1287:HKCG7BCX3:1:1109:5809:76778,HISEQ:1287:HKCG7BCX3:1:1103:8298:55324,HISEQ:1287:HKCG7BCX3:1:1108:14234:12491,HISEQ:1287:HKCG7BCX3:1:1103:8832:10305,HISEQ:1287:HKCG7BCX3:1:1102:9185:14229,HISEQ:1287:HKCG7BCX3:1:1106:15828:47758,HISEQ:1287:HKCG7BCX3:1:1106:8541:46024,HISEQ:1287:HKCG7BCX3:1:1112:6266:56277,HISEQ:1287:HKCG7BCX3:1:1109:6623:3445,HISEQ:1287:HKCG7BCX3:1:1111:10783:41917,HISEQ:1287:HKCG7BCX3:1:1113:2834:56695,HISEQ:1287:HKCG7BCX3:1:1112:21172:43149,HISEQ:1287:HKCG7BCX3:1:1108:8854:20018,HISEQ:1287:HKCG7BCX3:1:1105:14811:14578,HISEQ:1287:HKCG7BCX3:1:1113:17458:44365,HISEQ:1287:HKCG7BCX3:1:1101:15853:48132,HISEQ:1287:HKCG7BCX3:1:1101:17671:60128,HISEQ:1287:HKCG7BCX3:1:1105:4411:28407,HISEQ:1287:HKCG7BCX3:1:1111:5250:47729,HISEQ:1287:HKCG7BCX3:1:1107:14082:12316,HISEQ:1287:HKCG7BCX3:1:1104:3654:97456,HISEQ:1287:HKCG7BCX3:1:1111:7149:46236,HISEQ:1287:HKCG7BCX3:1:1108:19005:7992,HISEQ:1287:HKCG7BCX3:1:1107:14594:19487,HISEQ:1287:HKCG7BCX3:1:1109:13834:96865,HISEQ:1287:HKCG7BCX3:1:1104:4192:94570,HISEQ:1287:HKCG7BCX3:1:1101:1706:45283,HISEQ:1287:HKCG7BCX3:1:1109:13906:47684,HISEQ:1287:HKCG7BCX3:1:1104:16146:58913,HISEQ:1287:HKCG7BCX3:1:1102:10051:71733,HISEQ:1287:HKCG7BCX3:1:1110:2040:22562,HISEQ:1287:HKCG7BCX3:1:1113:17135:57369,HISEQ:1287:HKCG7BCX3:1:1101:3761:77287,HISEQ:1287:HKCG7BCX3:1:1109:1176:82862,HISEQ:1287:HKCG7BCX3:1:1113:20069:3952,HISEQ:1287:HKCG7BCX3:1:1113:3231:29973,HISEQ:1287:HKCG7BCX3:1:1104:19363:27987,HISEQ:1287:HKCG7BCX3:1:1102:7801:15081,HISEQ:1287:HKCG7BCX3:1:1101:12826:15308,HISEQ:1287:HKCG7BCX3:1:1106:11154:5355,HISEQ:1287:HKCG7BCX3:1:1112:3746:59814,HISEQ:1287:HKCG7BCX3:1:1111:3970:75152,HISEQ:1287:HKCG7BCX3:1:1110:5331:29444,HISEQ:1287:HKCG7BCX3:1:1106:19432:4664,HISEQ:1287:HKCG7BCX3:1:1101:19854:93430,HISEQ:1287:HKCG7BCX3:1:1104:21165:5378,HISEQ:1287:HKCG7BCX3:1:1105:20612:20209,HISEQ:1287:HKCG7BCX3:1:1105:11012:2767,HISEQ:1287:HKCG7BCX3:1:1108:11013:58481,HISEQ:1287:HKCG7BCX3:1:1109:17521:63929,HISEQ:1287:HKCG7BCX3:1:1101:20057:72762,HISEQ:1287:HKCG7BCX3:1:1107:20019:99766,HISEQ:1287:HKCG7BCX3:1:1107:8236:52965,HISEQ:1287:HKCG7BCX3:1:1106:8711:13736,HISEQ:1287:HKCG7BCX3:1:1101:5001:38814,HISEQ:1287:HKCG7BCX3:1:1102:14963:17355,HISEQ:1287:HKCG7BCX3:1:1105:16171:37607,HISEQ:1287:HKCG7BCX3:1:1112:5888:58992,HISEQ:1287:HKCG7BCX3:1:1107:16090:96745,HISEQ:1287:HKCG7BCX3:1:1104:12477:88028,HISEQ:1287:HKCG7BCX3:1:1107:12029:18540,HISEQ:1287:HKCG7BCX3:1:1103:10527:100679,HISEQ:1287:HKCG7BCX3:1:1107:12658:98562,HISEQ:1287:HKCG7BCX3:1:1101:12370:18107,HISEQ:1287:HKCG7BCX3:1:1108:10168:43047,HISEQ:1287:HKCG7BCX3:1:1103:18664:66312,HISEQ:1287:HKCG7BCX3:1:1109:2823:21648,HISEQ:1287:HKCG7BCX3:1:1110:15442:81852,HISEQ:1287:HKCG7BCX3:1:1104:8808:22651
HISEQ:1287:HKCG7BCX3:1:1113:16407:71764-0_ENSG00000108654.15	HISEQ:1287:HKCG7BCX3:1:1102:11500:39441,HISEQ:1287:HKCG7BCX3:1:1111:15725:13270,HISEQ:1287:HKCG7BCX3:1:1113:12563:45354,HISEQ:1287:HKCG7BCX3:1:1107:5764:72711,HISEQ:1287:HKCG7BCX3:1:1108:20952:59661,HISEQ:1287:HKCG7BCX3:1:1114:1999:33870,HISEQ:1287:HKCG7BCX3:1:1106:11765:86250,HISEQ:1287:HKCG7BCX3:1:1101:2514:27665,HISEQ:1287:HKCG7BCX3:1:1110:10039:23632,HISEQ:1287:HKCG7BCX3:1:1105:19115:59309,HISEQ:1287:HKCG7BCX3:1:1107:13509:81372,HISEQ:1287:HKCG7BCX3:1:1104:12137:3715,HISEQ:1287:HKCG7BCX3:1:1105:19164:73703,HISEQ:1287:HKCG7BCX3:1:1113:6635:56999,HISEQ:1287:HKCG7BCX3:1:1103:6895:79780,HISEQ:1287:HKCG7BCX3:1:1108:5570:17889,HISEQ:1287:HKCG7BCX3:1:1111:17452:69704,HISEQ:1287:HKCG7BCX3:1:1106:4596:17664,HISEQ:1287:HKCG7BCX3:1:1105:17369:35601,HISEQ:1287:HKCG7BCX3:1:1102:1157:18594,HISEQ:1287:HKCG7BCX3:1:1104:9010:47860,HISEQ:1287:HKCG7BCX3:1:1112:5280:43032,HISEQ:1287:HKCG7BCX3:1:1112:7357:99601,HISEQ:1287:HKCG7BCX3:1:1102:20998:18379,HISEQ:1287:HKCG7BCX3:1:1101:1256:76073,HISEQ:1287:HKCG7BCX3:1:1111:1903:61442,HISEQ:1287:HKCG7BCX3:1:1106:21148:100714,HISEQ:1287:HKCG7BCX3:1:1107:16188:97837,HISEQ:1287:HKCG7BCX3:1:1103:3558:47299,HISEQ:1287:HKCG7BCX3:1:1105:16474:37354,HISEQ:1287:HKCG7BCX3:1:1107:7300:43951,HISEQ:1287:HKCG7BCX3:1:1108:2492:29292,HISEQ:1287:HKCG7BCX3:1:1113:16407:71764,HISEQ:1287:HKCG7BCX3:1:1105:4665:5571,HISEQ:1287:HKCG7BCX3:1:1107:14145:11698,HISEQ:1287:HKCG7BCX3:1:1103:5317:6812,HISEQ:1287:HKCG7BCX3:1:1106:8348:30911,HISEQ:1287:HKCG7BCX3:1:1111:14909:88350,HISEQ:1287:HKCG7BCX3:1:1105:7875:79225,HISEQ:1287:HKCG7BCX3:1:1107:7298:78838,HISEQ:1287:HKCG7BCX3:1:1103:16900:30853,HISEQ:1287:HKCG7BCX3:1:1107:9964:56874,HISEQ:1287:HKCG7BCX3:1:1108:1526:85122,HISEQ:1287:HKCG7BCX3:1:1102:5349:76178,HISEQ:1287:HKCG7BCX3:1:1103:11333:26362,HISEQ:1287:HKCG7BCX3:1:1109:2411:32255,HISEQ:1287:HKCG7BCX3:1:1105:2037:68360,HISEQ:1287:HKCG7BCX3:1:1101:13536:71067,HISEQ:1287:HKCG7BCX3:1:1104:20048:55579,HISEQ:1287:HKCG7BCX3:1:1102:11522:12167,HISEQ:1287:HKCG7BCX3:1:1113:6862:30271,HISEQ:1287:HKCG7BCX3:1:1105:14156:34741,HISEQ:1287:HKCG7BCX3:1:1113:4589:3419,HISEQ:1287:HKCG7BCX3:1:1104:8002:98504,HISEQ:1287:HKCG7BCX3:1:1102:15580:13951,HISEQ:1287:HKCG7BCX3:1:1107:5162:58846,HISEQ:1287:HKCG7BCX3:1:1108:17384:44451,HISEQ:1287:HKCG7BCX3:1:1105:3433:49475,HISEQ:1287:HKCG7BCX3:1:1101:1839:94178,HISEQ:1287:HKCG7BCX3:1:1113:2797:43546,HISEQ:1287:HKCG7BCX3:1:1111:8204:60183,HISEQ:1287:HKCG7BCX3:1:1107:21167:47518,HISEQ:1287:HKCG7BCX3:1:1101:15439:56100,HISEQ:1287:HKCG7BCX3:1:1105:14342:72081,HISEQ:1287:HKCG7BCX3:1:1105:9813:45116,HISEQ:1287:HKCG7BCX3:1:1101:5849:69784,HISEQ:1287:HKCG7BCX3:1:1105:15023:45403,HISEQ:1287:HKCG7BCX3:1:1103:4142:30728,HISEQ:1287:HKCG7BCX3:1:1108:3285:73839,HISEQ:1287:HKCG7BCX3:1:1105:8044:13991,HISEQ:1287:HKCG7BCX3:1:1103:4103:55645,HISEQ:1287:HKCG7BCX3:1:1106:4934:92896,HISEQ:1287:HKCG7BCX3:1:1101:12504:86667,HISEQ:1287:HKCG7BCX3:1:1110:10944:97570,HISEQ:1287:HKCG7BCX3:1:1110:11963:52403,HISEQ:1287:HKCG7BCX3:1:1103:3225:51401,HISEQ:1287:HKCG7BCX3:1:1103:7857:21748,HISEQ:1287:HKCG7BCX3:1:1106:17375:16236,HISEQ:1287:HKCG7BCX3:1:1101:13204:15606,HISEQ:1287:HKCG7BCX3:1:1114:2280:28676,HISEQ:1287:HKCG7BCX3:1:1101:7694:95463,HISEQ:1287:HKCG7BCX3:1:1106:7260:52199,HISEQ:1287:HKCG7BCX3:1:1104:11592:93192,HISEQ:1287:HKCG7BCX3:1:1107:7583:33015,HISEQ:1287:HKCG7BCX3:1:1102:5385:43892,HISEQ:1287:HKCG7BCX3:1:1112:11009:97503,HISEQ:1287:HKCG7BCX3:1:1113:9227:98690,HISEQ:1287:HKCG7BCX3:1:1105:9840:80604,HISEQ:1287:HKCG7BCX3:1:1103:2439:18739,HISEQ:1287:HKCG7BCX3:1:1111:16265:56766,HISEQ:1287:HKCG7BCX3:1:1106:9383:46012,HISEQ:1287:HKCG7BCX3:1:1107:7382:52227,HISEQ:1287:HKCG7BCX3:1:1113:16112:84592,HISEQ:1287:HKCG7BCX3:1:1112:12634:3332,HISEQ:1287:HKCG7BCX3:1:1104:12736:95343,HISEQ:1287:HKCG7BCX3:1:1111:9258:15227,HISEQ:1287:HKCG7BCX3:1:1111:10454:18064,HISEQ:1287:HKCG7BCX3:1:1103:20782:15800,HISEQ:1287:HKCG7BCX3:1:1112:13864:70276,HISEQ:1287:HKCG7BCX3:1:1112:14851:14631,HISEQ:1287:HKCG7BCX3:1:1106:14346:39546,HISEQ:1287:HKCG7BCX3:1:1105:3240:90858,HISEQ:1287:HKCG7BCX3:1:1101:17405:99395,HISEQ:1287:HKCG7BCX3:1:1101:8143:85200,HISEQ:1287:HKCG7BCX3:1:1106:17824:85677,HISEQ:1287:HKCG7BCX3:1:1108:4897:54666,HISEQ:1287:HKCG7BCX3:1:1105:16169:66458,HISEQ:1287:HKCG7BCX3:1:1101:5062:72148,HISEQ:1287:HKCG7BCX3:1:1110:16623:70485,HISEQ:1287:HKCG7BCX3:1:1108:9931:39698,HISEQ:1287:HKCG7BCX3:1:1103:17228:8750,HISEQ:1287:HKCG7BCX3:1:1107:8446:95449,HISEQ:1287:HKCG7BCX3:1:1107:16011:36516,HISEQ:1287:HKCG7BCX3:1:1111:19367:14782,HISEQ:1287:HKCG7BCX3:1:1114:10765:32451,HISEQ:1287:HKCG7BCX3:1:1104:15118:90145,HISEQ:1287:HKCG7BCX3:1:1109:21314:47885,HISEQ:1287:HKCG7BCX3:1:1109:10179:93861,HISEQ:1287:HKCG7BCX3:1:1106:11729:82208,HISEQ:1287:HKCG7BCX3:1:1105:19856:11751,HISEQ:1287:HKCG7BCX3:1:1104:6693:43799,HISEQ:1287:HKCG7BCX3:1:1107:19649:61575,HISEQ:1287:HKCG7BCX3:1:1104:1918:36483,HISEQ:1287:HKCG7BCX3:1:1101:16487:59137,HISEQ:1287:HKCG7BCX3:1:1108:19263:36079,HISEQ:1287:HKCG7BCX3:1:1105:14115:69942,HISEQ:1287:HKCG7BCX3:1:1105:12659:5542,HISEQ:1287:HKCG7BCX3:1:1105:16081:99007,HISEQ:1287:HKCG7BCX3:1:1111:1585:27793,HISEQ:1287:HKCG7BCX3:1:1101:2328:12754,HISEQ:1287:HKCG7BCX3:1:1112:2511:59357,HISEQ:1287:HKCG7BCX3:1:1101:8609:25085,HISEQ:1287:HKCG7BCX3:1:1112:13403:31768,HISEQ:1287:HKCG7BCX3:1:1106:7816:53528,HISEQ:1287:HKCG7BCX3:1:1106:1154:67238,HISEQ:1287:HKCG7BCX3:1:1108:15438:33583,HISEQ:1287:HKCG7BCX3:1:1104:18980:97303,HISEQ:1287:HKCG7BCX3:1:1107:14673:74493,HISEQ:1287:HKCG7BCX3:1:1112:12774:86372,HISEQ:1287:HKCG7BCX3:1:1105:10611:87775,HISEQ:1287:HKCG7BCX3:1:1108:21034:59128,HISEQ:1287:HKCG7BCX3:1:1102:4364:26268,HISEQ:1287:HKCG7BCX3:1:1112:3457:45796,HISEQ:1287:HKCG7BCX3:1:1110:6546:88131,HISEQ:1287:HKCG7BCX3:1:1105:12677:79524,HISEQ:1287:HKCG7BCX3:1:1103:2575:88328,HISEQ:1287:HKCG7BCX3:1:1106:6595:77759,HISEQ:1287:HKCG7BCX3:1:1114:20980:40289,HISEQ:1287:HKCG7BCX3:1:1102:15559:20589,HISEQ:1287:HKCG7BCX3:1:1110:6218:25805,HISEQ:1287:HKCG7BCX3:1:1106:14409:42463,HISEQ:1287:HKCG7BCX3:1:1103:7468:61260,HISEQ:1287:HKCG7BCX3:1:1104:14641:29703,HISEQ:1287:HKCG7BCX3:1:1104:20239:100762,HISEQ:1287:HKCG7BCX3:1:1103:1767:93811,HISEQ:1287:HKCG7BCX3:1:1101:9578:94516,HISEQ:1287:HKCG7BCX3:1:1105:18263:14666,HISEQ:1287:HKCG7BCX3:1:1107:4931:71893,HISEQ:1287:HKCG7BCX3:1:1111:11104:75487,HISEQ:1287:HKCG7BCX3:1:1112:7385:16672,HISEQ:1287:HKCG7BCX3:1:1113:9472:30924,HISEQ:1287:HKCG7BCX3:1:1105:5787:79118,HISEQ:1287:HKCG7BCX3:1:1101:12344:63169,HISEQ:1287:HKCG7BCX3:1:1108:7320:41475,HISEQ:1287:HKCG7BCX3:1:1107:6378:31752,HISEQ:1287:HKCG7BCX3:1:1106:17432:40500,HISEQ:1287:HKCG7BCX3:1:1108:11864:90925,HISEQ:1287:HKCG7BCX3:1:1102:11889:38957,HISEQ:1287:HKCG7BCX3:1:1105:2836:68501,HISEQ:1287:HKCG7BCX3:1:1106:9332:30532,HISEQ:1287:HKCG7BCX3:1:1112:4856:32338,HISEQ:1287:HKCG7BCX3:1:1106:4782:55622,HISEQ:1287:HKCG7BCX3:1:1105:7687:32016,HISEQ:1287:HKCG7BCX3:1:1101:7149:53393,HISEQ:1287:HKCG7BCX3:1:1112:8619:86165,HISEQ:1287:HKCG7BCX3:1:1102:17817:64410,HISEQ:1287:HKCG7BCX3:1:1110:5705:56184,HISEQ:1287:HKCG7BCX3:1:1108:2657:43002,HISEQ:1287:HKCG7BCX3:1:1112:4897:5481,HISEQ:1287:HKCG7BCX3:1:1103:4294:82670,HISEQ:1287:HKCG7BCX3:1:1106:20329:58689,HISEQ:1287:HKCG7BCX3:1:1105:5933:70752,HISEQ:1287:HKCG7BCX3:1:1105:12109:40125,HISEQ:1287:HKCG7BCX3:1:1113:10870:40105,HISEQ:1287:HKCG7BCX3:1:1102:17842:90838,HISEQ:1287:HKCG7BCX3:1:1105:1794:47977,HISEQ:1287:HKCG7BCX3:1:1101:2327:64653,HISEQ:1287:HKCG7BCX3:1:1103:18871:31479,HISEQ:1287:HKCG7BCX3:1:1101:8602:46326,HISEQ:1287:HKCG7BCX3:1:1111:20419:85043,HISEQ:1287:HKCG7BCX3:1:1104:20547:18823,HISEQ:1287:HKCG7BCX3:1:1104:4997:79261,HISEQ:1287:HKCG7BCX3:1:1108:9655:10853,HISEQ:1287:HKCG7BCX3:1:1102:7906:70763,HISEQ:1287:HKCG7BCX3:1:1110:5844:42318,HISEQ:1287:HKCG7BCX3:1:1103:19459:70696,HISEQ:1287:HKCG7BCX3:1:1113:15177:12301,HISEQ:1287:HKCG7BCX3:1:1101:20452:71260,HISEQ:1287:HKCG7BCX3:1:1107:7798:30550,HISEQ:1287:HKCG7BCX3:1:1108:8190:24638,HISEQ:1287:HKCG7BCX3:1:1107:12965:33106,HISEQ:1287:HKCG7BCX3:1:1101:17977:51378,HISEQ:1287:HKCG7BCX3:1:1108:16990:35545,HISEQ:1287:HKCG7BCX3:1:1101:19337:96865,HISEQ:1287:HKCG7BCX3:1:1114:17444:25461,HISEQ:1287:HKCG7BCX3:1:1111:16039:99053,HISEQ:1287:HKCG7BCX3:1:1107:11579:69218,HISEQ:1287:HKCG7BCX3:1:1102:8261:69223,HISEQ:1287:HKCG7BCX3:1:1107:12376:46771,HISEQ:1287:HKCG7BCX3:1:1103:18483:18042,HISEQ:1287:HKCG7BCX3:1:1104:12939:93146,HISEQ:1287:HKCG7BCX3:1:1111:8669:99978,HISEQ:1287:HKCG7BCX3:1:1108:18678:57675,HISEQ:1287:HKCG7BCX3:1:1111:6317:57735,HISEQ:1287:HKCG7BCX3:1:1109:13356:37954,HISEQ:1287:HKCG7BCX3:1:1109:3579:5484,HISEQ:1287:HKCG7BCX3:1:1109:18768:53022,HISEQ:1287:HKCG7BCX3:1:1110:1858:9436,HISEQ:1287:HKCG7BCX3:1:1105:12890:65147,HISEQ:1287:HKCG7BCX3:1:1113:2139:97183,HISEQ:1287:HKCG7BCX3:1:1108:17970:72621,HISEQ:1287:HKCG7BCX3:1:1105:1539:41976,HISEQ:1287:HKCG7BCX3:1:1110:8450:39433,HISEQ:1287:HKCG7BCX3:1:1101:6481:17364,HISEQ:1287:HKCG7BCX3:1:1107:11898:29980,HISEQ:1287:HKCG7BCX3:1:1104:19547:15982,HISEQ:1287:HKCG7BCX3:1:1105:13932:60832,HISEQ:1287:HKCG7BCX3:1:1109:3544:16737,HISEQ:1287:HKCG7BCX3:1:1108:12198:55502,HISEQ:1287:HKCG7BCX3:1:1107:12544:100350,HISEQ:1287:HKCG7BCX3:1:1114:13388:10075,HISEQ:1287:HKCG7BCX3:1:1105:8799:24011,HISEQ:1287:HKCG7BCX3:1:1106:6375:23077,HISEQ:1287:HKCG7BCX3:1:1103:19476:14877,HISEQ:1287:HKCG7BCX3:1:1113:18039:58838,HISEQ:1287:HKCG7BCX3:1:1105:11786:63874,HISEQ:1287:HKCG7BCX3:1:1101:8229:41720,HISEQ:1287:HKCG7BCX3:1:1113:3841:94404,HISEQ:1287:HKCG7BCX3:1:1106:18818:35182,HISEQ:1287:HKCG7BCX3:1:1106:15183:84787,HISEQ:1287:HKCG7BCX3:1:1101:8421:57684,HISEQ:1287:HKCG7BCX3:1:1108:15945:54817,HISEQ:1287:HKCG7BCX3:1:1102:10217:79494,HISEQ:1287:HKCG7BCX3:1:1102:14447:25682,HISEQ:1287:HKCG7BCX3:1:1103:5649:96402,HISEQ:1287:HKCG7BCX3:1:1110:18853:71591,HISEQ:1287:HKCG7BCX3:1:1108:18810:87764,HISEQ:1287:HKCG7BCX3:1:1102:13311:6251,HISEQ:1287:HKCG7BCX3:1:1101:4672:7728,HISEQ:1287:HKCG7BCX3:1:1103:1508:40395,HISEQ:1287:HKCG7BCX3:1:1107:14747:63874
HISEQ:1287:HKCG7BCX3:1:1109:16504:97411-0_ENSG00000108654.15	HISEQ:1287:HKCG7BCX3:1:1107:5098:91215,HISEQ:1287:HKCG7BCX3:1:1108:4045:9171,HISEQ:1287:HKCG7BCX3:1:1101:5379:67344,HISEQ:1287:HKCG7BCX3:1:1109:16504:97411,HISEQ:1287:HKCG7BCX3:1:1107:3565:52090,HISEQ:1287:HKCG7BCX3:1:1108:11948:57169,HISEQ:1287:HKCG7BCX3:1:1110:6060:11539,HISEQ:1287:HKCG7BCX3:1:1108:16571:36592,HISEQ:1287:HKCG7BCX3:1:1106:14180:93803,HISEQ:1287:HKCG7BCX3:1:1101:15470:33715,HISEQ:1287:HKCG7BCX3:1:1105:17450:86509,HISEQ:1287:HKCG7BCX3:1:1108:12925:35479,HISEQ:1287:HKCG7BCX3:1:1111:3808:29416
HISEQ:1287:HKCG7BCX3:1:1107:9766:71651-0_ENSG00000125991.19	HISEQ:1287:HKCG7BCX3:1:1111:11272:3707,HISEQ:1287:HKCG7BCX3:1:1110:12743:8552,HISEQ:1287:HKCG7BCX3:1:1111:8348:42858,HISEQ:1287:HKCG7BCX3:1:1102:1612:69454,HISEQ:1287:HKCG7BCX3:1:1114:5996:31559,HISEQ:1287:HKCG7BCX3:1:1101:8643:59105,HISEQ:1287:HKCG7BCX3:1:1103:6164:79081,HISEQ:1287:HKCG7BCX3:1:1106:15614:47596,HISEQ:1287:HKCG7BCX3:1:1101:15597:80664,HISEQ:1287:HKCG7BCX3:1:1104:13255:38089,HISEQ:1287:HKCG7BCX3:1:1106:9968:47825,HISEQ:1287:HKCG7BCX3:1:1103:14747:92229,HISEQ:1287:HKCG7BCX3:1:1105:18881:3194,HISEQ:1287:HKCG7BCX3:1:1101:17537:44867,HISEQ:1287:HKCG7BCX3:1:1101:1626:2576,HISEQ:1287:HKCG7BCX3:1:1113:10789:39721,HISEQ:1287:HKCG7BCX3:1:1105:11094:40048,HISEQ:1287:HKCG7BCX3:1:1111:12413:73691,HISEQ:1287:HKCG7BCX3:1:1102:4614:10236,HISEQ:1287:HKCG7BCX3:1:1106:15637:80889,HISEQ:1287:HKCG7BCX3:1:1104:7599:49676,HISEQ:1287:HKCG7BCX3:1:1108:4038:100917,HISEQ:1287:HKCG7BCX3:1:1103:21081:67395,HISEQ:1287:HKCG7BCX3:1:1109:1127:51464,HISEQ:1287:HKCG7BCX3:1:1104:10432:84080,HISEQ:1287:HKCG7BCX3:1:1108:18586:25454,HISEQ:1287:HKCG7BCX3:1:1108:16154:33010,HISEQ:1287:HKCG7BCX3:1:1112:4836:75127,HISEQ:1287:HKCG7BCX3:1:1107:7281:100157,HISEQ:1287:HKCG7BCX3:1:1101:5707:90350,HISEQ:1287:HKCG7BCX3:1:1107:19496:53890,HISEQ:1287:HKCG7BCX3:1:1105:15466:82660,HISEQ:1287:HKCG7BCX3:1:1106:11665:30035,HISEQ:1287:HKCG7BCX3:1:1110:17913:72892,HISEQ:1287:HKCG7BCX3:1:1101:1210:94834,HISEQ:1287:HKCG7BCX3:1:1112:15663:73849,HISEQ:1287:HKCG7BCX3:1:1108:12348:39758,HISEQ:1287:HKCG7BCX3:1:1102:10202:44313,HISEQ:1287:HKCG7BCX3:1:1101:17837:42841,HISEQ:1287:HKCG7BCX3:1:1106:18784:10976,HISEQ:1287:HKCG7BCX3:1:1113:18202:83592,HISEQ:1287:HKCG7BCX3:1:1108:3200:12220,HISEQ:1287:HKCG7BCX3:1:1111:2212:43852,HISEQ:1287:HKCG7BCX3:1:1107:4259:56322,HISEQ:1287:HKCG7BCX3:1:1107:9766:71651,HISEQ:1287:HKCG7BCX3:1:1112:18365:2714,HISEQ:1287:HKCG7BCX3:1:1105:10801:74662,HISEQ:1287:HKCG7BCX3:1:1106:11025:52034,HISEQ:1287:HKCG7BCX3:1:1102:15276:33722,HISEQ:1287:HKCG7BCX3:1:1111:8920:58118,HISEQ:1287:HKCG7BCX3:1:1110:21282:81565,HISEQ:1287:HKCG7BCX3:1:1101:7277:78104,HISEQ:1287:HKCG7BCX3:1:1103:21338:80499,HISEQ:1287:HKCG7BCX3:1:1112:17316:88471,HISEQ:1287:HKCG7BCX3:1:1106:16788:27192,HISEQ:1287:HKCG7BCX3:1:1110:15763:14443,HISEQ:1287:HKCG7BCX3:1:1102:6778:47915,HISEQ:1287:HKCG7BCX3:1:1104:2845:53962,HISEQ:1287:HKCG7BCX3:1:1108:13321:19326,HISEQ:1287:HKCG7BCX3:1:1112:16421:4955,HISEQ:1287:HKCG7BCX3:1:1110:10131:27056,HISEQ:1287:HKCG7BCX3:1:1110:3242:10336,HISEQ:1287:HKCG7BCX3:1:1102:10060:77220,HISEQ:1287:HKCG7BCX3:1:1105:11300:25412,HISEQ:1287:HKCG7BCX3:1:1111:21337:56041,HISEQ:1287:HKCG7BCX3:1:1111:13717:12430,HISEQ:1287:HKCG7BCX3:1:1101:10513:17895,HISEQ:1287:HKCG7BCX3:1:1102:9393:85396,HISEQ:1287:HKCG7BCX3:1:1107:9298:42577,HISEQ:1287:HKCG7BCX3:1:1108:13581:42880,HISEQ:1287:HKCG7BCX3:1:1106:20724:7282,HISEQ:1287:HKCG7BCX3:1:1102:7714:30730,HISEQ:1287:HKCG7BCX3:1:1108:15691:21363,HISEQ:1287:HKCG7BCX3:1:1103:4758:87329,HISEQ:1287:HKCG7BCX3:1:1110:3957:8121,HISEQ:1287:HKCG7BCX3:1:1103:9239:19405,HISEQ:1287:HKCG7BCX3:1:1101:21118:87654,HISEQ:1287:HKCG7BCX3:1:1112:6995:41454,HISEQ:1287:HKCG7BCX3:1:1101:6761:3084,HISEQ:1287:HKCG7BCX3:1:1107:11965:49877,HISEQ:1287:HKCG7BCX3:1:1101:12283:18224,HISEQ:1287:HKCG7BCX3:1:1111:13724:40827,HISEQ:1287:HKCG7BCX3:1:1102:17119:3186,HISEQ:1287:HKCG7BCX3:1:1106:8015:38589,HISEQ:1287:HKCG7BCX3:1:1109:8678:50664,HISEQ:1287:HKCG7BCX3:1:1106:1488:86765,HISEQ:1287:HKCG7BCX3:1:1105:3881:100248,HISEQ:1287:HKCG7BCX3:1:1106:11222:90926,HISEQ:1287:HKCG7BCX3:1:1103:17125:31123,HISEQ:1287:HKCG7BCX3:1:1106:11228:43898,HISEQ:1287:HKCG7BCX3:1:1101:19149:17583,HISEQ:1287:HKCG7BCX3:1:1113:16627:42667
