Number of items: 81
Number of partitions: 3
Min items per partition: 1
Max items per partition: 59
Mean items per partition: 27.0
