Number of items: 81
Number of partitions: 4
Min items per partition: 3
Max items per partition: 59
Mean items per partition: 20.2
