usage: predictProductivity [-h] -i INPUT_ISOFORMS -g GTF -f GENOME_FASTA -o
                           OUTPUT [--quiet] [--append_column]
                           (--firstTIS | --longestORF)

used to predict coding sequence and amino acid sequence of novel isoforms
based on annotated start codons

options:
  -h, --help            show this help message and exit
  -i INPUT_ISOFORMS, --input_isoforms INPUT_ISOFORMS
                        Input collapsed isoforms in bed12 format.
  -g GTF, --gtf GTF     Gencode annotation file.
  -f GENOME_FASTA, --genome_fasta GENOME_FASTA
                        Fasta file containing transcript sequences.
  -o OUTPUT, --output OUTPUT
                        prefix of output files
  --quiet               Do not display progress
  --append_column       Append prediction as an additional column in file
  --firstTIS            Defined ORFs by the first annotated TIS.
  --longestORF          Defined ORFs by the longest open reading frame.
