Number of items: 81
Number of partitions: 6
Min items per partition: 1
Max items per partition: 59
Mean items per partition: 13.5
