#isoname	tstartont	tendont	ptcpointont	AAseq
ENST00000311936.8_PRO_ENSG00000133703.12	190	757	585	MTEYKLVVVGAGGVGKSALTIQLIQNHFVDEYDPTIEDSYRKQVVIDGETCLLDILDTAGQEEYSAMRDQYMRTGEGFLCVFAINNTKSFEDIHHYREQIKRVKDSEDVPMVLVGNKCDLPSRTVDTKQAQDLARSYGIPFIETSAKTRQGVDDAFYTLVREIRKHKEKMSKDGKKKKKKSKTKCVIM_
ENST00000256078.9_PRO_ENSG00000133703.12	190	760	709	MTEYKLVVVGAGGVGKSALTIQLIQNHFVDEYDPTIEDSYRKQVVIDGETCLLDILDTAGQEEYSAMRDQYMRTGEGFLCVFAINNTKSFEDIHHYREQIKRVKDSEDVPMVLVGNKCDLPSRTVDTKQAQDLARSYGIPFIETSAKTRQRVEDAFYTLVREIRQYRLKKISKEEKTPGCVKIKKCIIM_
ENST00000557334.5_PRO_ENSG00000133703.12	197	425	253	MTEYKLVVVGAGGVGKSALTIQLIQNHFVDEYDPTIEGVDDAFYTLVREIRKHKEKMSKDGKKKKKKSKTKCVIM_
ENST00000225792.10_PRO_ENSG00000108654.15	170	2015	1556	MSGYSSDRDRGRDRGFGAPRFGGSRAGPLSGKKFGNPGEKLVKKKWNLDELPKFEKNFYQEHPDLARRTAQEVETYRRSKEITVRGHNCPKPVLNFYEANFPANVMDVIARQNFTEPTAIQAQGWPVALSGLDMVGVAQTGSGKTLSYLLPAIVHINHQPFLERGDGPICLVLAPTRELAQQVQQVAAEYCRACRLKSTCIYGGAPKGPQIRDLERGVEICIATPGRLIDFLECGKTNLRRTTYLVLDEADRMLDMGFEPQIRKIVDQIRPDRQTLMWSATWPKEVRQLAEDFLKDYIHINIGALELSANHNILQIVDVCHDVEKDEKLIRLMEEIMSEKENKTIVFVETKRRCDELTRKMRRDGWPAMGIHGDKSQQERDWVLNEFKHGKAPILIATDVASRGLDVEDVKFVINYDYPNSSEDYIHRIGRTARSTKTGTAYTFFTPNNIKQVSDLISVLREANQAINPKLLQLVEDRGSGRSRGRGGMKDDRRDRYSAGKRGGFNTFRDRENYDRGYSSLLKRDFGAKTQNGVYSAANYTNGSFGSNFVSAGIQTSFRTGNPTGTYQNGYDSTQQYGSNVPNMHNGMNQQAYAYPATAAAPMIGYPMPTGYSQ_
ENST00000585317.1_NGO_ENSG00000108654.15	0	0		
ENST00000584279.5_NST_ENSG00000108654.15	316	673		MSGYSSDRDRGRDRGFGAPRFGGSRAGPLSGKKFGNPGEKLVKKKWNLDELPKFEKNFYQEHPDLARRTAQEVETYRRSKEITVRGHNCPKPVLNFYEANFPANVMDVIARQNFTEPTA
ENST00000348547.6_PRO_ENSG00000125991.19	77	1229	1094	MEALGKLKQFDAYPKTLEDFRVKTCGGATVTIVSGLLMLLLFLSELQYYLTTEVHPELYVDKSRGDKLKINIDVLFPHMPCAYLSIDAMDVAGEQQLDVEHNLFKQRLDKDGIPVSSEAERHELGKVEVTVFDPDSLDPDRCESCYGAEAEDIKCCNTCEDVREAYRRRGWAFKNPDTIEQCRREGFSQKMQEQKNEGCQVYGFLEVNKVAGNFHFAPGKSFQQSHVHVHDLQSFGLDNINMTHYIQHLSFGEDYPGIVNPLDHTNVTAPQASMMFQYFVKVVPTVYMKVDGEVLRTNQFSVTRHEKVANGLLGDQGLPGVFVLYELSPMMVKLTEKHRSFTHFLTGVCAIIGGMFTVAGLIDSLIYHSARAIQKKIDLGKTT_
ENST00000357394.8_PRO_ENSG00000125991.19	60	1227	1092	MEALGKLKQFDAYPKTLEDFRVKTCGGATVTIVSGLLMLLLFLSELQYYLTTEVHPELYVDKSRGDKLKINIDVLFPHMPCAYLSIDAMDVAGEQQLDVEHNLFKQRLDKDGIPVSSEAERHELGKVEVTVFDPDSLDPDRCESCYGAEAEDIKCCNTCEDVREAYRRRGWAFKNPDTIEQCRREGFSQKMQEQKNEGCQVYGFLEVNKVAGNFHFAPGKSFQQSHVHVHAVEIHDLQSFGLDNINMTHYIQHLSFGEDYPGIVNPLDHTNVTAPQASMMFQYFVKVVPTVYMKVDGEVLRTNQFSVTRHEKVANGLLGDQGLPGVFVLYELSPMMVKLTEKHRSFTHFLTGVCAIIGGMFTVAGLIDSLIYHSARAIQKKIDLGKTT_
ENST00000447986.5_PRO_ENSG00000125991.19	29	722	601	MEALGKLKQFDAYPKTLEDFRVKTCGGATVTIVSGLLMLLLFLSELQYYLTTEVHPELYVDKSRGDKLKINIDVLFPHMPCAYLSIDAMDVAGEQQLDVEHNLFKQRLDKDGIPVSSEAERHELGKVEVTVFDPDSLDPDRCESCYGAEAEDIKCCNTCEDVREAYRRRGWAFKNPDTIEQCRREGFSQKMQEQKNEGCQVYGFLEVNKVAGNFHFAPGKSFQQSHVHGE_
ENST00000496172.5_NGO_ENSG00000125991.19	0	0		
ENST00000451605.1_NGO_ENSG00000125991.19	0	0		
HISEQ:1287:HKCG7BCX3:1:1105:8148:44134-0_NGO_ENSG00000108654.15	0	0		
HISEQ:1287:HKCG7BCX3:1:1106:15192:70510-0_NGO_ENSG00000108654.15	0	0		
HISEQ:1287:HKCG7BCX3:1:1105:11786:63874-0_NST_ENSG00000108654.15	174	1335		MDVIARQNFTEPTAIQAQGWPVALSGLDMVGVAQTGSGKTLSYLLPAIVHINHQPFLERGDGPICLVLAPTRELAQQVQQVAAEYCRACRLKSTCIYGGAPKGPQIRDLERGVEICIATPGRLIDFLECGKTNLRRTTYLVLDEADRMLDMGFEPQIRKIVDQIRPDRQTLMWSATWPKEVRQLAEDFLKDYIHINIGALELSANHNILQIVDVCHDVEKDEKLIRLMEEIMSEKENKTIVFVETKRRCDELTRKMRRDGWPAMGIHGDKSQQERDWVLNEFKHGKAPILIATDVASRGLDVEDVKFVINYDYPNSSEDYIHRIGRTARSTKTGTAYTFFTPNNIKQVSDLISVLREANQAINPKLLQLVEDRGSGRSRGRGGMKDD
HISEQ:1287:HKCG7BCX3:1:1112:7385:16672-0_NGO_ENSG00000108654.15	0	0		
HISEQ:1287:HKCG7BCX3:1:1103:5649:96402-0_NGO_ENSG00000108654.15	0	0		
HISEQ:1287:HKCG7BCX3:1:1101:12283:18224-0_NST_ENSG00000125991.19	29	1001		MEALGKLKQFDAYPKTLEDFRVKTCGGATVTIVSGLLMLLLFLSELQYYLTTEVHPELYVDKSRGDKLKINIDVLFPHMPCAYLSIDAMDVAGEQQLDVEHNLFKQRLDKDGIPVSSEAERHELGKVEVTVFDPDSLDPDRCESCYGAEAEDIKCCNTCEDVREAYRRRGWAFKNPDTIEQCRREGFSQKMQEQKNEGCQVYGFLEVNKVAGNFHFAPGKSFQQSHVHVHDLQSFGLDNINMTHYIQHLSFGEDYPGIVNPLDHTNVTAPQASMMFQYFVKVVPTVYMKVDGEVLRTNQFSVTRHEKVANGLLGDQGLPGVFVL
