ENST00000565928.2_ENSG00000293164.1	b75ff623-1225-4a0b-aa5b-4c944faa973c,4efbe041-deae-4162-9603-6f42188f6727,26f5ea46-63fc-4b98-9388-7a515f99e2aa,321e4566-9b11-4c64-9948-d80a3f8d9301,37222c79-1e06-492d-86e5-61c0235f1991,20aeb72f-fe8e-485e-960b-2ce5614f76ca
