ENST00000451605.1_ENSG00000125991.19	HISEQ:1287:HKCG7BCX3:1:1102:21260:98197,HISEQ:1287:HKCG7BCX3:1:1107:14693:68116,HISEQ:1287:HKCG7BCX3:1:1111:16109:44469,HISEQ:1287:HKCG7BCX3:1:1108:14915:57741,HISEQ:1287:HKCG7BCX3:1:1106:17916:19029,HISEQ:1287:HKCG7BCX3:1:1107:12456:44333,HISEQ:1287:HKCG7BCX3:1:1102:16938:73013,HISEQ:1287:HKCG7BCX3:1:1101:4377:71859,HISEQ:1287:HKCG7BCX3:1:1106:5700:92099,HISEQ:1287:HKCG7BCX3:1:1105:7466:57013,HISEQ:1287:HKCG7BCX3:1:1113:5691:56894,HISEQ:1287:HKCG7BCX3:1:1101:13789:45034,HISEQ:1287:HKCG7BCX3:1:1102:9571:67793,HISEQ:1287:HKCG7BCX3:1:1109:4316:93740,HISEQ:1287:HKCG7BCX3:1:1110:5152:24895,HISEQ:1287:HKCG7BCX3:1:1110:20496:72576,HISEQ:1287:HKCG7BCX3:1:1113:10076:95299,HISEQ:1287:HKCG7BCX3:1:1112:2154:57280,HISEQ:1287:HKCG7BCX3:1:1103:18205:36615,HISEQ:1287:HKCG7BCX3:1:1101:6144:45517,HISEQ:1287:HKCG7BCX3:1:1113:4088:53369,HISEQ:1287:HKCG7BCX3:1:1109:3627:66119,HISEQ:1287:HKCG7BCX3:1:1102:18353:61001,HISEQ:1287:HKCG7BCX3:1:1106:18914:6674,HISEQ:1287:HKCG7BCX3:1:1104:12595:19049,HISEQ:1287:HKCG7BCX3:1:1106:12029:5805,HISEQ:1287:HKCG7BCX3:1:1101:3924:13547,HISEQ:1287:HKCG7BCX3:1:1109:15896:62691,HISEQ:1287:HKCG7BCX3:1:1105:10531:64455,HISEQ:1287:HKCG7BCX3:1:1106:18539:77826,HISEQ:1287:HKCG7BCX3:1:1104:11453:32570,HISEQ:1287:HKCG7BCX3:1:1103:18081:73950,HISEQ:1287:HKCG7BCX3:1:1107:10277:31120,HISEQ:1287:HKCG7BCX3:1:1101:14546:40465,HISEQ:1287:HKCG7BCX3:1:1103:15647:28805,HISEQ:1287:HKCG7BCX3:1:1111:10014:84401,HISEQ:1287:HKCG7BCX3:1:1103:9612:11069,HISEQ:1287:HKCG7BCX3:1:1103:15947:66657,HISEQ:1287:HKCG7BCX3:1:1112:10356:46713,HISEQ:1287:HKCG7BCX3:1:1106:16222:15381,HISEQ:1287:HKCG7BCX3:1:1107:16370:47338,HISEQ:1287:HKCG7BCX3:1:1113:10231:17490,HISEQ:1287:HKCG7BCX3:1:1103:18200:86250,HISEQ:1287:HKCG7BCX3:1:1108:15922:86273,HISEQ:1287:HKCG7BCX3:1:1112:11223:87671,HISEQ:1287:HKCG7BCX3:1:1107:11741:64373,HISEQ:1287:HKCG7BCX3:1:1104:9389:21051,HISEQ:1287:HKCG7BCX3:1:1112:1965:84743,HISEQ:1287:HKCG7BCX3:1:1102:3038:69569,HISEQ:1287:HKCG7BCX3:1:1113:7855:15495,HISEQ:1287:HKCG7BCX3:1:1102:7654:65657,HISEQ:1287:HKCG7BCX3:1:1106:6301:75713,HISEQ:1287:HKCG7BCX3:1:1102:17863:99679,HISEQ:1287:HKCG7BCX3:1:1108:12199:11718,HISEQ:1287:HKCG7BCX3:1:1113:14114:72207,HISEQ:1287:HKCG7BCX3:1:1104:7139:66134,HISEQ:1287:HKCG7BCX3:1:1102:5762:40002,HISEQ:1287:HKCG7BCX3:1:1104:15531:77312,HISEQ:1287:HKCG7BCX3:1:1104:2633:10054,HISEQ:1287:HKCG7BCX3:1:1110:12340:12764,HISEQ:1287:HKCG7BCX3:1:1102:12199:21990,HISEQ:1287:HKCG7BCX3:1:1102:19353:83159,HISEQ:1287:HKCG7BCX3:1:1101:8389:30929,HISEQ:1287:HKCG7BCX3:1:1113:15895:41795,HISEQ:1287:HKCG7BCX3:1:1104:18450:12186,HISEQ:1287:HKCG7BCX3:1:1111:14015:89184,HISEQ:1287:HKCG7BCX3:1:1103:17472:39587,HISEQ:1287:HKCG7BCX3:1:1105:6719:25166,HISEQ:1287:HKCG7BCX3:1:1113:6302:26335,HISEQ:1287:HKCG7BCX3:1:1101:8052:31436,HISEQ:1287:HKCG7BCX3:1:1105:16602:2971,HISEQ:1287:HKCG7BCX3:1:1109:21122:19399,HISEQ:1287:HKCG7BCX3:1:1101:16918:17190,HISEQ:1287:HKCG7BCX3:1:1108:14758:75856,HISEQ:1287:HKCG7BCX3:1:1106:18213:28749,HISEQ:1287:HKCG7BCX3:1:1106:8080:49232,HISEQ:1287:HKCG7BCX3:1:1102:11428:74205,HISEQ:1287:HKCG7BCX3:1:1107:10469:44777,HISEQ:1287:HKCG7BCX3:1:1105:2576:91407,HISEQ:1287:HKCG7BCX3:1:1105:14367:86687,HISEQ:1287:HKCG7BCX3:1:1106:1487:9141,HISEQ:1287:HKCG7BCX3:1:1107:2441:44799,HISEQ:1287:HKCG7BCX3:1:1114:11387:26632,HISEQ:1287:HKCG7BCX3:1:1110:11452:58483,HISEQ:1287:HKCG7BCX3:1:1107:6912:69778,HISEQ:1287:HKCG7BCX3:1:1104:6341:30679,HISEQ:1287:HKCG7BCX3:1:1104:6869:38334,HISEQ:1287:HKCG7BCX3:1:1113:14967:27630,HISEQ:1287:HKCG7BCX3:1:1104:11400:56987,HISEQ:1287:HKCG7BCX3:1:1101:16323:35972,HISEQ:1287:HKCG7BCX3:1:1107:10299:62199,HISEQ:1287:HKCG7BCX3:1:1113:19267:54400,HISEQ:1287:HKCG7BCX3:1:1103:9238:83087,HISEQ:1287:HKCG7BCX3:1:1112:7185:55764,HISEQ:1287:HKCG7BCX3:1:1112:1765:3577,HISEQ:1287:HKCG7BCX3:1:1105:18618:10629,HISEQ:1287:HKCG7BCX3:1:1107:7412:26259,HISEQ:1287:HKCG7BCX3:1:1105:18317:13885,HISEQ:1287:HKCG7BCX3:1:1104:2602:56170,HISEQ:1287:HKCG7BCX3:1:1111:19558:12398,HISEQ:1287:HKCG7BCX3:1:1112:16313:73784,HISEQ:1287:HKCG7BCX3:1:1107:2464:46053,HISEQ:1287:HKCG7BCX3:1:1105:10483:78534,HISEQ:1287:HKCG7BCX3:1:1104:7758:76195,HISEQ:1287:HKCG7BCX3:1:1101:13122:73448,HISEQ:1287:HKCG7BCX3:1:1109:9650:20332,HISEQ:1287:HKCG7BCX3:1:1105:12066:91137,HISEQ:1287:HKCG7BCX3:1:1112:5087:44144,HISEQ:1287:HKCG7BCX3:1:1107:2633:82902,HISEQ:1287:HKCG7BCX3:1:1109:16205:47939,HISEQ:1287:HKCG7BCX3:1:1109:16615:94483,HISEQ:1287:HKCG7BCX3:1:1110:12939:67482,HISEQ:1287:HKCG7BCX3:1:1112:1828:99776,HISEQ:1287:HKCG7BCX3:1:1103:2843:38371,HISEQ:1287:HKCG7BCX3:1:1107:14293:7846,HISEQ:1287:HKCG7BCX3:1:1112:16306:86755,HISEQ:1287:HKCG7BCX3:1:1108:3730:26842,HISEQ:1287:HKCG7BCX3:1:1103:1893:37224,HISEQ:1287:HKCG7BCX3:1:1107:1548:97539,HISEQ:1287:HKCG7BCX3:1:1103:6864:28625,HISEQ:1287:HKCG7BCX3:1:1110:7950:39492,HISEQ:1287:HKCG7BCX3:1:1101:4267:22707,HISEQ:1287:HKCG7BCX3:1:1101:12189:92464,HISEQ:1287:HKCG7BCX3:1:1106:10044:55138,HISEQ:1287:HKCG7BCX3:1:1113:19070:84260,HISEQ:1287:HKCG7BCX3:1:1106:16819:94718,HISEQ:1287:HKCG7BCX3:1:1112:19800:27254,HISEQ:1287:HKCG7BCX3:1:1101:4798:30321
ENST00000311936.8_ENSG00000133703.12	HISEQ:1287:HKCG7BCX3:1:1106:5470:13027,HISEQ:1287:HKCG7BCX3:1:1102:13966:3032,HISEQ:1287:HKCG7BCX3:1:1113:4397:97970,HISEQ:1287:HKCG7BCX3:1:1106:15328:19781,HISEQ:1287:HKCG7BCX3:1:1110:19534:70554,HISEQ:1287:HKCG7BCX3:1:1112:4811:31798,HISEQ:1287:HKCG7BCX3:1:1112:2533:75547,HISEQ:1287:HKCG7BCX3:1:1102:15886:29814,HISEQ:1287:HKCG7BCX3:1:1107:11867:82425,HISEQ:1287:HKCG7BCX3:1:1104:10285:65937,HISEQ:1287:HKCG7BCX3:1:1105:8631:10485,HISEQ:1287:HKCG7BCX3:1:1109:16077:63982,HISEQ:1287:HKCG7BCX3:1:1112:1901:84059,HISEQ:1287:HKCG7BCX3:1:1109:19254:77572,HISEQ:1287:HKCG7BCX3:1:1104:3924:35120,HISEQ:1287:HKCG7BCX3:1:1111:4969:56798,HISEQ:1287:HKCG7BCX3:1:1109:7080:17060,HISEQ:1287:HKCG7BCX3:1:1111:4069:100474,HISEQ:1287:HKCG7BCX3:1:1104:19800:33277,HISEQ:1287:HKCG7BCX3:1:1112:13745:100326,HISEQ:1287:HKCG7BCX3:1:1102:18716:13662,HISEQ:1287:HKCG7BCX3:1:1109:18306:80951,HISEQ:1287:HKCG7BCX3:1:1102:16745:64007,HISEQ:1287:HKCG7BCX3:1:1101:14797:95979,HISEQ:1287:HKCG7BCX3:1:1114:17780:9525,HISEQ:1287:HKCG7BCX3:1:1104:5668:25533,HISEQ:1287:HKCG7BCX3:1:1104:2596:17749,HISEQ:1287:HKCG7BCX3:1:1111:10941:3218,HISEQ:1287:HKCG7BCX3:1:1101:18588:71611,HISEQ:1287:HKCG7BCX3:1:1108:7897:32892,HISEQ:1287:HKCG7BCX3:1:1112:17664:5169,HISEQ:1287:HKCG7BCX3:1:1112:13978:56586,HISEQ:1287:HKCG7BCX3:1:1101:7221:7333,HISEQ:1287:HKCG7BCX3:1:1106:3966:90769,HISEQ:1287:HKCG7BCX3:1:1108:17060:13980,HISEQ:1287:HKCG7BCX3:1:1106:20273:53429,HISEQ:1287:HKCG7BCX3:1:1102:18762:97887,HISEQ:1287:HKCG7BCX3:1:1114:3258:27337,HISEQ:1287:HKCG7BCX3:1:1101:7332:63555,HISEQ:1287:HKCG7BCX3:1:1107:10867:22910,HISEQ:1287:HKCG7BCX3:1:1113:20240:13245,HISEQ:1287:HKCG7BCX3:1:1103:8873:85192,HISEQ:1287:HKCG7BCX3:1:1104:11831:32068,HISEQ:1287:HKCG7BCX3:1:1114:18911:27813,HISEQ:1287:HKCG7BCX3:1:1106:11735:87772,HISEQ:1287:HKCG7BCX3:1:1105:3706:15680,HISEQ:1287:HKCG7BCX3:1:1104:11135:49419,HISEQ:1287:HKCG7BCX3:1:1112:2978:3124,HISEQ:1287:HKCG7BCX3:1:1108:6980:3658,HISEQ:1287:HKCG7BCX3:1:1108:14303:33184
ENST00000256078.9_ENSG00000133703.12	HISEQ:1287:HKCG7BCX3:1:1112:17969:4967,HISEQ:1287:HKCG7BCX3:1:1104:7588:36465,HISEQ:1287:HKCG7BCX3:1:1104:16215:72537,HISEQ:1287:HKCG7BCX3:1:1106:9771:11382
ENST00000557334.5_ENSG00000133703.12	HISEQ:1287:HKCG7BCX3:1:1103:6299:56317,HISEQ:1287:HKCG7BCX3:1:1106:18072:91703,HISEQ:1287:HKCG7BCX3:1:1102:18461:95734,HISEQ:1287:HKCG7BCX3:1:1102:17775:20859,HISEQ:1287:HKCG7BCX3:1:1105:19884:60449,HISEQ:1287:HKCG7BCX3:1:1104:7413:50871,HISEQ:1287:HKCG7BCX3:1:1107:9458:63518,HISEQ:1287:HKCG7BCX3:1:1107:10792:64119,HISEQ:1287:HKCG7BCX3:1:1101:10676:28038,HISEQ:1287:HKCG7BCX3:1:1104:1973:89926,HISEQ:1287:HKCG7BCX3:1:1109:12487:35287,HISEQ:1287:HKCG7BCX3:1:1101:6957:64687,HISEQ:1287:HKCG7BCX3:1:1111:8728:85839,HISEQ:1287:HKCG7BCX3:1:1114:2003:34873,HISEQ:1287:HKCG7BCX3:1:1107:11029:82918,HISEQ:1287:HKCG7BCX3:1:1111:20492:59560,HISEQ:1287:HKCG7BCX3:1:1107:6283:37925,HISEQ:1287:HKCG7BCX3:1:1112:4597:100322,HISEQ:1287:HKCG7BCX3:1:1107:19933:49444,HISEQ:1287:HKCG7BCX3:1:1104:5110:57608,HISEQ:1287:HKCG7BCX3:1:1102:4176:86930,HISEQ:1287:HKCG7BCX3:1:1102:12733:84633,HISEQ:1287:HKCG7BCX3:1:1105:16303:65953,HISEQ:1287:HKCG7BCX3:1:1109:21087:78049,HISEQ:1287:HKCG7BCX3:1:1104:8666:64258,HISEQ:1287:HKCG7BCX3:1:1105:9985:74787,HISEQ:1287:HKCG7BCX3:1:1107:8064:69013,HISEQ:1287:HKCG7BCX3:1:1111:17671:14228,HISEQ:1287:HKCG7BCX3:1:1110:1969:41308,HISEQ:1287:HKCG7BCX3:1:1105:14012:59854,HISEQ:1287:HKCG7BCX3:1:1102:10177:23722,HISEQ:1287:HKCG7BCX3:1:1102:5305:78991,HISEQ:1287:HKCG7BCX3:1:1108:4658:16537,HISEQ:1287:HKCG7BCX3:1:1102:14972:83732,HISEQ:1287:HKCG7BCX3:1:1107:9058:15845,HISEQ:1287:HKCG7BCX3:1:1102:7246:9089,HISEQ:1287:HKCG7BCX3:1:1103:9475:25168,HISEQ:1287:HKCG7BCX3:1:1105:11438:75421,HISEQ:1287:HKCG7BCX3:1:1108:17220:23451,HISEQ:1287:HKCG7BCX3:1:1106:1299:43160
ENST00000225792.10_ENSG00000108654.15	HISEQ:1287:HKCG7BCX3:1:1104:18982:65820,HISEQ:1287:HKCG7BCX3:1:1112:12080:97340,HISEQ:1287:HKCG7BCX3:1:1114:18582:11742,HISEQ:1287:HKCG7BCX3:1:1106:8947:51340,HISEQ:1287:HKCG7BCX3:1:1113:15195:41927,HISEQ:1287:HKCG7BCX3:1:1105:14480:45805,HISEQ:1287:HKCG7BCX3:1:1102:2260:94019,HISEQ:1287:HKCG7BCX3:1:1113:9627:16418,HISEQ:1287:HKCG7BCX3:1:1105:14084:53683,HISEQ:1287:HKCG7BCX3:1:1113:1446:42096,HISEQ:1287:HKCG7BCX3:1:1108:13373:15135,HISEQ:1287:HKCG7BCX3:1:1103:12815:55012,HISEQ:1287:HKCG7BCX3:1:1101:8476:72706,HISEQ:1287:HKCG7BCX3:1:1101:14414:78208,HISEQ:1287:HKCG7BCX3:1:1101:20429:6571,HISEQ:1287:HKCG7BCX3:1:1111:11920:4008,HISEQ:1287:HKCG7BCX3:1:1104:15466:85702,HISEQ:1287:HKCG7BCX3:1:1114:7692:33596,HISEQ:1287:HKCG7BCX3:1:1104:4764:72876,HISEQ:1287:HKCG7BCX3:1:1111:6618:14377,HISEQ:1287:HKCG7BCX3:1:1110:4350:25212,HISEQ:1287:HKCG7BCX3:1:1107:3431:12032,HISEQ:1287:HKCG7BCX3:1:1110:14627:86975,HISEQ:1287:HKCG7BCX3:1:1102:10903:38662,HISEQ:1287:HKCG7BCX3:1:1104:8026:98073,HISEQ:1287:HKCG7BCX3:1:1113:16790:30153,HISEQ:1287:HKCG7BCX3:1:1108:4160:5535,HISEQ:1287:HKCG7BCX3:1:1111:3307:12644,HISEQ:1287:HKCG7BCX3:1:1106:4930:59035,HISEQ:1287:HKCG7BCX3:1:1107:8817:31792,HISEQ:1287:HKCG7BCX3:1:1103:19932:79906,HISEQ:1287:HKCG7BCX3:1:1108:18034:85023,HISEQ:1287:HKCG7BCX3:1:1105:9119:73087
ENST00000357394.8_ENSG00000125991.19	HISEQ:1287:HKCG7BCX3:1:1108:17308:15778,HISEQ:1287:HKCG7BCX3:1:1107:14410:29544,HISEQ:1287:HKCG7BCX3:1:1111:5086:27813,HISEQ:1287:HKCG7BCX3:1:1105:5881:94803
ENST00000348547.6_ENSG00000125991.19	HISEQ:1287:HKCG7BCX3:1:1102:4274:78705,HISEQ:1287:HKCG7BCX3:1:1111:10670:60319,HISEQ:1287:HKCG7BCX3:1:1104:20684:29251,HISEQ:1287:HKCG7BCX3:1:1104:10352:19827,HISEQ:1287:HKCG7BCX3:1:1106:3263:78430,HISEQ:1287:HKCG7BCX3:1:1113:16078:15385,HISEQ:1287:HKCG7BCX3:1:1104:7422:12895,HISEQ:1287:HKCG7BCX3:1:1110:21298:88141,HISEQ:1287:HKCG7BCX3:1:1109:4824:66953,HISEQ:1287:HKCG7BCX3:1:1105:13100:86962,HISEQ:1287:HKCG7BCX3:1:1101:16351:88879,HISEQ:1287:HKCG7BCX3:1:1114:4207:29544,HISEQ:1287:HKCG7BCX3:1:1105:15356:76607
HISEQ:1287:HKCG7BCX3:1:1113:16407:71764-0_ENSG00000108654.15	HISEQ:1287:HKCG7BCX3:1:1102:11500:39441,HISEQ:1287:HKCG7BCX3:1:1111:15725:13270,HISEQ:1287:HKCG7BCX3:1:1113:12563:45354,HISEQ:1287:HKCG7BCX3:1:1107:5764:72711,HISEQ:1287:HKCG7BCX3:1:1108:20952:59661,HISEQ:1287:HKCG7BCX3:1:1114:1999:33870,HISEQ:1287:HKCG7BCX3:1:1106:11765:86250,HISEQ:1287:HKCG7BCX3:1:1101:2514:27665,HISEQ:1287:HKCG7BCX3:1:1110:10039:23632,HISEQ:1287:HKCG7BCX3:1:1105:19115:59309,HISEQ:1287:HKCG7BCX3:1:1107:13509:81372,HISEQ:1287:HKCG7BCX3:1:1104:12137:3715,HISEQ:1287:HKCG7BCX3:1:1105:19164:73703,HISEQ:1287:HKCG7BCX3:1:1113:6635:56999,HISEQ:1287:HKCG7BCX3:1:1103:6895:79780,HISEQ:1287:HKCG7BCX3:1:1108:5570:17889,HISEQ:1287:HKCG7BCX3:1:1111:17452:69704,HISEQ:1287:HKCG7BCX3:1:1106:4596:17664,HISEQ:1287:HKCG7BCX3:1:1105:17369:35601,HISEQ:1287:HKCG7BCX3:1:1102:1157:18594,HISEQ:1287:HKCG7BCX3:1:1104:9010:47860,HISEQ:1287:HKCG7BCX3:1:1112:5280:43032,HISEQ:1287:HKCG7BCX3:1:1112:7357:99601,HISEQ:1287:HKCG7BCX3:1:1102:20998:18379,HISEQ:1287:HKCG7BCX3:1:1101:1256:76073,HISEQ:1287:HKCG7BCX3:1:1111:1903:61442,HISEQ:1287:HKCG7BCX3:1:1106:21148:100714,HISEQ:1287:HKCG7BCX3:1:1107:16188:97837,HISEQ:1287:HKCG7BCX3:1:1103:3558:47299,HISEQ:1287:HKCG7BCX3:1:1105:16474:37354,HISEQ:1287:HKCG7BCX3:1:1107:7300:43951,HISEQ:1287:HKCG7BCX3:1:1108:2492:29292,HISEQ:1287:HKCG7BCX3:1:1113:16407:71764,HISEQ:1287:HKCG7BCX3:1:1105:4665:5571,HISEQ:1287:HKCG7BCX3:1:1107:14145:11698,HISEQ:1287:HKCG7BCX3:1:1103:5317:6812,HISEQ:1287:HKCG7BCX3:1:1106:8348:30911,HISEQ:1287:HKCG7BCX3:1:1111:14909:88350,HISEQ:1287:HKCG7BCX3:1:1105:7875:79225,HISEQ:1287:HKCG7BCX3:1:1107:7298:78838,HISEQ:1287:HKCG7BCX3:1:1103:16900:30853,HISEQ:1287:HKCG7BCX3:1:1107:9964:56874,HISEQ:1287:HKCG7BCX3:1:1108:1526:85122,HISEQ:1287:HKCG7BCX3:1:1102:5349:76178,HISEQ:1287:HKCG7BCX3:1:1103:11333:26362,HISEQ:1287:HKCG7BCX3:1:1109:2411:32255,HISEQ:1287:HKCG7BCX3:1:1105:2037:68360,HISEQ:1287:HKCG7BCX3:1:1101:13536:71067,HISEQ:1287:HKCG7BCX3:1:1104:20048:55579,HISEQ:1287:HKCG7BCX3:1:1102:11522:12167,HISEQ:1287:HKCG7BCX3:1:1113:6862:30271,HISEQ:1287:HKCG7BCX3:1:1105:14156:34741,HISEQ:1287:HKCG7BCX3:1:1113:4589:3419,HISEQ:1287:HKCG7BCX3:1:1104:8002:98504,HISEQ:1287:HKCG7BCX3:1:1102:15580:13951,HISEQ:1287:HKCG7BCX3:1:1107:5162:58846,HISEQ:1287:HKCG7BCX3:1:1108:17384:44451,HISEQ:1287:HKCG7BCX3:1:1105:3433:49475,HISEQ:1287:HKCG7BCX3:1:1101:1839:94178,HISEQ:1287:HKCG7BCX3:1:1113:2797:43546,HISEQ:1287:HKCG7BCX3:1:1111:8204:60183,HISEQ:1287:HKCG7BCX3:1:1107:21167:47518,HISEQ:1287:HKCG7BCX3:1:1101:15439:56100,HISEQ:1287:HKCG7BCX3:1:1105:14342:72081,HISEQ:1287:HKCG7BCX3:1:1105:9813:45116,HISEQ:1287:HKCG7BCX3:1:1101:5849:69784,HISEQ:1287:HKCG7BCX3:1:1105:15023:45403,HISEQ:1287:HKCG7BCX3:1:1103:4142:30728,HISEQ:1287:HKCG7BCX3:1:1108:3285:73839,HISEQ:1287:HKCG7BCX3:1:1105:8044:13991,HISEQ:1287:HKCG7BCX3:1:1103:4103:55645,HISEQ:1287:HKCG7BCX3:1:1106:4934:92896,HISEQ:1287:HKCG7BCX3:1:1101:12504:86667,HISEQ:1287:HKCG7BCX3:1:1110:10944:97570,HISEQ:1287:HKCG7BCX3:1:1110:11963:52403,HISEQ:1287:HKCG7BCX3:1:1103:3225:51401,HISEQ:1287:HKCG7BCX3:1:1103:7857:21748,HISEQ:1287:HKCG7BCX3:1:1106:17375:16236,HISEQ:1287:HKCG7BCX3:1:1101:13204:15606,HISEQ:1287:HKCG7BCX3:1:1114:2280:28676,HISEQ:1287:HKCG7BCX3:1:1101:7694:95463,HISEQ:1287:HKCG7BCX3:1:1106:7260:52199,HISEQ:1287:HKCG7BCX3:1:1104:11592:93192,HISEQ:1287:HKCG7BCX3:1:1107:7583:33015,HISEQ:1287:HKCG7BCX3:1:1102:5385:43892,HISEQ:1287:HKCG7BCX3:1:1112:11009:97503,HISEQ:1287:HKCG7BCX3:1:1113:9227:98690,HISEQ:1287:HKCG7BCX3:1:1105:9840:80604,HISEQ:1287:HKCG7BCX3:1:1103:2439:18739,HISEQ:1287:HKCG7BCX3:1:1111:16265:56766,HISEQ:1287:HKCG7BCX3:1:1106:9383:46012,HISEQ:1287:HKCG7BCX3:1:1107:7382:52227,HISEQ:1287:HKCG7BCX3:1:1113:16112:84592,HISEQ:1287:HKCG7BCX3:1:1112:12634:3332,HISEQ:1287:HKCG7BCX3:1:1104:12736:95343,HISEQ:1287:HKCG7BCX3:1:1111:9258:15227,HISEQ:1287:HKCG7BCX3:1:1111:10454:18064,HISEQ:1287:HKCG7BCX3:1:1103:20782:15800,HISEQ:1287:HKCG7BCX3:1:1112:13864:70276,HISEQ:1287:HKCG7BCX3:1:1112:14851:14631,HISEQ:1287:HKCG7BCX3:1:1106:14346:39546,HISEQ:1287:HKCG7BCX3:1:1105:3240:90858,HISEQ:1287:HKCG7BCX3:1:1101:17405:99395,HISEQ:1287:HKCG7BCX3:1:1101:8143:85200,HISEQ:1287:HKCG7BCX3:1:1106:17824:85677,HISEQ:1287:HKCG7BCX3:1:1108:4897:54666,HISEQ:1287:HKCG7BCX3:1:1105:16169:66458,HISEQ:1287:HKCG7BCX3:1:1101:5062:72148,HISEQ:1287:HKCG7BCX3:1:1110:16623:70485,HISEQ:1287:HKCG7BCX3:1:1108:9931:39698,HISEQ:1287:HKCG7BCX3:1:1103:17228:8750,HISEQ:1287:HKCG7BCX3:1:1107:8446:95449,HISEQ:1287:HKCG7BCX3:1:1107:16011:36516,HISEQ:1287:HKCG7BCX3:1:1111:19367:14782,HISEQ:1287:HKCG7BCX3:1:1114:10765:32451,HISEQ:1287:HKCG7BCX3:1:1104:15118:90145,HISEQ:1287:HKCG7BCX3:1:1109:21314:47885,HISEQ:1287:HKCG7BCX3:1:1109:10179:93861,HISEQ:1287:HKCG7BCX3:1:1106:11729:82208,HISEQ:1287:HKCG7BCX3:1:1105:19856:11751,HISEQ:1287:HKCG7BCX3:1:1104:6693:43799,HISEQ:1287:HKCG7BCX3:1:1107:19649:61575,HISEQ:1287:HKCG7BCX3:1:1104:1918:36483,HISEQ:1287:HKCG7BCX3:1:1101:16487:59137,HISEQ:1287:HKCG7BCX3:1:1108:19263:36079,HISEQ:1287:HKCG7BCX3:1:1105:14115:69942,HISEQ:1287:HKCG7BCX3:1:1105:12659:5542,HISEQ:1287:HKCG7BCX3:1:1105:16081:99007,HISEQ:1287:HKCG7BCX3:1:1111:1585:27793,HISEQ:1287:HKCG7BCX3:1:1101:2328:12754,HISEQ:1287:HKCG7BCX3:1:1112:2511:59357,HISEQ:1287:HKCG7BCX3:1:1101:8609:25085,HISEQ:1287:HKCG7BCX3:1:1112:13403:31768,HISEQ:1287:HKCG7BCX3:1:1106:7816:53528,HISEQ:1287:HKCG7BCX3:1:1106:1154:67238,HISEQ:1287:HKCG7BCX3:1:1108:15438:33583,HISEQ:1287:HKCG7BCX3:1:1104:18980:97303,HISEQ:1287:HKCG7BCX3:1:1107:14673:74493,HISEQ:1287:HKCG7BCX3:1:1112:12774:86372,HISEQ:1287:HKCG7BCX3:1:1105:10611:87775,HISEQ:1287:HKCG7BCX3:1:1108:21034:59128,HISEQ:1287:HKCG7BCX3:1:1102:4364:26268,HISEQ:1287:HKCG7BCX3:1:1112:3457:45796,HISEQ:1287:HKCG7BCX3:1:1110:6546:88131,HISEQ:1287:HKCG7BCX3:1:1105:12677:79524,HISEQ:1287:HKCG7BCX3:1:1103:2575:88328,HISEQ:1287:HKCG7BCX3:1:1106:6595:77759,HISEQ:1287:HKCG7BCX3:1:1114:20980:40289,HISEQ:1287:HKCG7BCX3:1:1102:15559:20589,HISEQ:1287:HKCG7BCX3:1:1110:6218:25805,HISEQ:1287:HKCG7BCX3:1:1106:14409:42463,HISEQ:1287:HKCG7BCX3:1:1103:7468:61260,HISEQ:1287:HKCG7BCX3:1:1104:14641:29703,HISEQ:1287:HKCG7BCX3:1:1104:20239:100762,HISEQ:1287:HKCG7BCX3:1:1103:1767:93811,HISEQ:1287:HKCG7BCX3:1:1101:9578:94516,HISEQ:1287:HKCG7BCX3:1:1105:18263:14666,HISEQ:1287:HKCG7BCX3:1:1107:4931:71893,HISEQ:1287:HKCG7BCX3:1:1111:11104:75487,HISEQ:1287:HKCG7BCX3:1:1112:7385:16672,HISEQ:1287:HKCG7BCX3:1:1113:9472:30924,HISEQ:1287:HKCG7BCX3:1:1105:5787:79118,HISEQ:1287:HKCG7BCX3:1:1101:12344:63169,HISEQ:1287:HKCG7BCX3:1:1108:7320:41475,HISEQ:1287:HKCG7BCX3:1:1107:6378:31752,HISEQ:1287:HKCG7BCX3:1:1106:17432:40500,HISEQ:1287:HKCG7BCX3:1:1108:11864:90925,HISEQ:1287:HKCG7BCX3:1:1102:11889:38957,HISEQ:1287:HKCG7BCX3:1:1105:2836:68501,HISEQ:1287:HKCG7BCX3:1:1106:9332:30532,HISEQ:1287:HKCG7BCX3:1:1112:4856:32338,HISEQ:1287:HKCG7BCX3:1:1106:4782:55622,HISEQ:1287:HKCG7BCX3:1:1105:7687:32016,HISEQ:1287:HKCG7BCX3:1:1101:7149:53393,HISEQ:1287:HKCG7BCX3:1:1112:8619:86165,HISEQ:1287:HKCG7BCX3:1:1102:17817:64410,HISEQ:1287:HKCG7BCX3:1:1110:5705:56184,HISEQ:1287:HKCG7BCX3:1:1108:2657:43002,HISEQ:1287:HKCG7BCX3:1:1112:4897:5481,HISEQ:1287:HKCG7BCX3:1:1103:4294:82670,HISEQ:1287:HKCG7BCX3:1:1106:20329:58689,HISEQ:1287:HKCG7BCX3:1:1105:5933:70752,HISEQ:1287:HKCG7BCX3:1:1105:12109:40125,HISEQ:1287:HKCG7BCX3:1:1113:10870:40105,HISEQ:1287:HKCG7BCX3:1:1102:17842:90838,HISEQ:1287:HKCG7BCX3:1:1105:1794:47977,HISEQ:1287:HKCG7BCX3:1:1101:2327:64653,HISEQ:1287:HKCG7BCX3:1:1103:18871:31479,HISEQ:1287:HKCG7BCX3:1:1101:8602:46326,HISEQ:1287:HKCG7BCX3:1:1111:20419:85043,HISEQ:1287:HKCG7BCX3:1:1104:20547:18823,HISEQ:1287:HKCG7BCX3:1:1104:4997:79261,HISEQ:1287:HKCG7BCX3:1:1108:9655:10853,HISEQ:1287:HKCG7BCX3:1:1102:7906:70763,HISEQ:1287:HKCG7BCX3:1:1110:5844:42318,HISEQ:1287:HKCG7BCX3:1:1103:19459:70696,HISEQ:1287:HKCG7BCX3:1:1113:15177:12301,HISEQ:1287:HKCG7BCX3:1:1101:20452:71260,HISEQ:1287:HKCG7BCX3:1:1107:7798:30550,HISEQ:1287:HKCG7BCX3:1:1108:8190:24638,HISEQ:1287:HKCG7BCX3:1:1107:12965:33106,HISEQ:1287:HKCG7BCX3:1:1101:17977:51378,HISEQ:1287:HKCG7BCX3:1:1108:16990:35545,HISEQ:1287:HKCG7BCX3:1:1101:19337:96865,HISEQ:1287:HKCG7BCX3:1:1114:17444:25461,HISEQ:1287:HKCG7BCX3:1:1111:16039:99053,HISEQ:1287:HKCG7BCX3:1:1107:11579:69218,HISEQ:1287:HKCG7BCX3:1:1102:8261:69223,HISEQ:1287:HKCG7BCX3:1:1107:12376:46771,HISEQ:1287:HKCG7BCX3:1:1103:18483:18042,HISEQ:1287:HKCG7BCX3:1:1104:12939:93146,HISEQ:1287:HKCG7BCX3:1:1111:8669:99978,HISEQ:1287:HKCG7BCX3:1:1108:18678:57675,HISEQ:1287:HKCG7BCX3:1:1111:6317:57735,HISEQ:1287:HKCG7BCX3:1:1109:13356:37954,HISEQ:1287:HKCG7BCX3:1:1109:3579:5484,HISEQ:1287:HKCG7BCX3:1:1109:18768:53022,HISEQ:1287:HKCG7BCX3:1:1110:1858:9436,HISEQ:1287:HKCG7BCX3:1:1105:12890:65147,HISEQ:1287:HKCG7BCX3:1:1113:2139:97183,HISEQ:1287:HKCG7BCX3:1:1108:17970:72621,HISEQ:1287:HKCG7BCX3:1:1105:1539:41976,HISEQ:1287:HKCG7BCX3:1:1110:8450:39433,HISEQ:1287:HKCG7BCX3:1:1101:6481:17364,HISEQ:1287:HKCG7BCX3:1:1107:11898:29980,HISEQ:1287:HKCG7BCX3:1:1104:19547:15982,HISEQ:1287:HKCG7BCX3:1:1105:13932:60832,HISEQ:1287:HKCG7BCX3:1:1109:3544:16737,HISEQ:1287:HKCG7BCX3:1:1108:12198:55502,HISEQ:1287:HKCG7BCX3:1:1107:12544:100350,HISEQ:1287:HKCG7BCX3:1:1114:13388:10075,HISEQ:1287:HKCG7BCX3:1:1105:8799:24011,HISEQ:1287:HKCG7BCX3:1:1106:6375:23077,HISEQ:1287:HKCG7BCX3:1:1103:19476:14877,HISEQ:1287:HKCG7BCX3:1:1113:18039:58838,HISEQ:1287:HKCG7BCX3:1:1105:11786:63874,HISEQ:1287:HKCG7BCX3:1:1101:8229:41720,HISEQ:1287:HKCG7BCX3:1:1113:3841:94404,HISEQ:1287:HKCG7BCX3:1:1106:18818:35182,HISEQ:1287:HKCG7BCX3:1:1106:15183:84787,HISEQ:1287:HKCG7BCX3:1:1101:8421:57684,HISEQ:1287:HKCG7BCX3:1:1108:15945:54817,HISEQ:1287:HKCG7BCX3:1:1102:10217:79494,HISEQ:1287:HKCG7BCX3:1:1102:14447:25682,HISEQ:1287:HKCG7BCX3:1:1103:5649:96402,HISEQ:1287:HKCG7BCX3:1:1110:18853:71591,HISEQ:1287:HKCG7BCX3:1:1108:18810:87764,HISEQ:1287:HKCG7BCX3:1:1102:13311:6251,HISEQ:1287:HKCG7BCX3:1:1101:4672:7728,HISEQ:1287:HKCG7BCX3:1:1103:1508:40395,HISEQ:1287:HKCG7BCX3:1:1107:14747:63874
HISEQ:1287:HKCG7BCX3:1:1107:9766:71651-0_ENSG00000125991.19	HISEQ:1287:HKCG7BCX3:1:1111:11272:3707,HISEQ:1287:HKCG7BCX3:1:1110:12743:8552,HISEQ:1287:HKCG7BCX3:1:1111:8348:42858,HISEQ:1287:HKCG7BCX3:1:1102:1612:69454,HISEQ:1287:HKCG7BCX3:1:1114:5996:31559,HISEQ:1287:HKCG7BCX3:1:1101:8643:59105,HISEQ:1287:HKCG7BCX3:1:1103:6164:79081,HISEQ:1287:HKCG7BCX3:1:1106:15614:47596,HISEQ:1287:HKCG7BCX3:1:1101:15597:80664,HISEQ:1287:HKCG7BCX3:1:1104:13255:38089,HISEQ:1287:HKCG7BCX3:1:1106:9968:47825,HISEQ:1287:HKCG7BCX3:1:1103:14747:92229,HISEQ:1287:HKCG7BCX3:1:1105:18881:3194,HISEQ:1287:HKCG7BCX3:1:1101:17537:44867,HISEQ:1287:HKCG7BCX3:1:1101:1626:2576,HISEQ:1287:HKCG7BCX3:1:1113:10789:39721,HISEQ:1287:HKCG7BCX3:1:1105:11094:40048,HISEQ:1287:HKCG7BCX3:1:1111:12413:73691,HISEQ:1287:HKCG7BCX3:1:1102:4614:10236,HISEQ:1287:HKCG7BCX3:1:1106:15637:80889,HISEQ:1287:HKCG7BCX3:1:1104:7599:49676,HISEQ:1287:HKCG7BCX3:1:1108:4038:100917,HISEQ:1287:HKCG7BCX3:1:1103:21081:67395,HISEQ:1287:HKCG7BCX3:1:1109:1127:51464,HISEQ:1287:HKCG7BCX3:1:1104:10432:84080,HISEQ:1287:HKCG7BCX3:1:1108:18586:25454,HISEQ:1287:HKCG7BCX3:1:1108:16154:33010,HISEQ:1287:HKCG7BCX3:1:1112:4836:75127,HISEQ:1287:HKCG7BCX3:1:1107:7281:100157,HISEQ:1287:HKCG7BCX3:1:1101:5707:90350,HISEQ:1287:HKCG7BCX3:1:1107:19496:53890,HISEQ:1287:HKCG7BCX3:1:1105:15466:82660,HISEQ:1287:HKCG7BCX3:1:1106:11665:30035,HISEQ:1287:HKCG7BCX3:1:1110:17913:72892,HISEQ:1287:HKCG7BCX3:1:1101:1210:94834,HISEQ:1287:HKCG7BCX3:1:1112:15663:73849,HISEQ:1287:HKCG7BCX3:1:1108:12348:39758,HISEQ:1287:HKCG7BCX3:1:1102:10202:44313,HISEQ:1287:HKCG7BCX3:1:1101:17837:42841,HISEQ:1287:HKCG7BCX3:1:1106:18784:10976,HISEQ:1287:HKCG7BCX3:1:1113:18202:83592,HISEQ:1287:HKCG7BCX3:1:1108:3200:12220,HISEQ:1287:HKCG7BCX3:1:1111:2212:43852,HISEQ:1287:HKCG7BCX3:1:1107:4259:56322,HISEQ:1287:HKCG7BCX3:1:1107:9766:71651,HISEQ:1287:HKCG7BCX3:1:1112:18365:2714,HISEQ:1287:HKCG7BCX3:1:1105:10801:74662,HISEQ:1287:HKCG7BCX3:1:1106:11025:52034,HISEQ:1287:HKCG7BCX3:1:1102:15276:33722,HISEQ:1287:HKCG7BCX3:1:1111:8920:58118,HISEQ:1287:HKCG7BCX3:1:1110:21282:81565,HISEQ:1287:HKCG7BCX3:1:1101:7277:78104,HISEQ:1287:HKCG7BCX3:1:1103:21338:80499,HISEQ:1287:HKCG7BCX3:1:1112:17316:88471,HISEQ:1287:HKCG7BCX3:1:1106:16788:27192,HISEQ:1287:HKCG7BCX3:1:1110:15763:14443,HISEQ:1287:HKCG7BCX3:1:1102:6778:47915,HISEQ:1287:HKCG7BCX3:1:1104:2845:53962,HISEQ:1287:HKCG7BCX3:1:1108:13321:19326,HISEQ:1287:HKCG7BCX3:1:1112:16421:4955,HISEQ:1287:HKCG7BCX3:1:1110:10131:27056,HISEQ:1287:HKCG7BCX3:1:1110:3242:10336,HISEQ:1287:HKCG7BCX3:1:1102:10060:77220,HISEQ:1287:HKCG7BCX3:1:1105:11300:25412,HISEQ:1287:HKCG7BCX3:1:1111:21337:56041,HISEQ:1287:HKCG7BCX3:1:1111:13717:12430,HISEQ:1287:HKCG7BCX3:1:1101:10513:17895,HISEQ:1287:HKCG7BCX3:1:1102:9393:85396,HISEQ:1287:HKCG7BCX3:1:1107:9298:42577,HISEQ:1287:HKCG7BCX3:1:1108:13581:42880,HISEQ:1287:HKCG7BCX3:1:1106:20724:7282,HISEQ:1287:HKCG7BCX3:1:1102:7714:30730,HISEQ:1287:HKCG7BCX3:1:1108:15691:21363,HISEQ:1287:HKCG7BCX3:1:1103:4758:87329,HISEQ:1287:HKCG7BCX3:1:1110:3957:8121,HISEQ:1287:HKCG7BCX3:1:1103:9239:19405,HISEQ:1287:HKCG7BCX3:1:1101:21118:87654,HISEQ:1287:HKCG7BCX3:1:1112:6995:41454,HISEQ:1287:HKCG7BCX3:1:1101:6761:3084,HISEQ:1287:HKCG7BCX3:1:1107:11965:49877,HISEQ:1287:HKCG7BCX3:1:1101:12283:18224,HISEQ:1287:HKCG7BCX3:1:1111:13724:40827,HISEQ:1287:HKCG7BCX3:1:1102:17119:3186,HISEQ:1287:HKCG7BCX3:1:1106:8015:38589,HISEQ:1287:HKCG7BCX3:1:1109:8678:50664,HISEQ:1287:HKCG7BCX3:1:1106:1488:86765,HISEQ:1287:HKCG7BCX3:1:1105:3881:100248,HISEQ:1287:HKCG7BCX3:1:1106:11222:90926,HISEQ:1287:HKCG7BCX3:1:1103:17125:31123,HISEQ:1287:HKCG7BCX3:1:1106:11228:43898,HISEQ:1287:HKCG7BCX3:1:1101:19149:17583,HISEQ:1287:HKCG7BCX3:1:1113:16627:42667
