Number of items: 87
Number of partitions: 9
Min items per partition: 1
Max items per partition: 59
Mean items per partition: 9.7
