37222c79-1e06-492d-86e5-61c0235f1991_chr20:32187000	b75ff623-1225-4a0b-aa5b-4c944faa973c,4efbe041-deae-4162-9603-6f42188f6727,26f5ea46-63fc-4b98-9388-7a515f99e2aa,99bfe5c4-0f3a-4f4d-b5c9-bac459c45e5c,45528093-50b8-4cbf-b48b-319e42c26e23,51bc8eeb-9145-438c-af37-2338b56cc8c0,9da72b46-6af9-4daa-8e38-a1f148d5e8b8,b33c4505-53ca-4572-b22a-f7f2e40f6c43,321e4566-9b11-4c64-9948-d80a3f8d9301,035c3402-3b11-4627-bc6a-ee4a17bdbaab,ccfee96a-501a-4276-a0c4-24682a9644ec,ad5a99b5-9af0-4dec-8982-b2173db180e8,37222c79-1e06-492d-86e5-61c0235f1991,20aeb72f-fe8e-485e-960b-2ce5614f76ca,231cda34-d51e-4c5f-85da-d471f866ea4d,2ca9581e-3cc3-4c1c-bc5b-345790e29b45,49e332c4-46e5-44ae-b07b-dd9791e23f35,84e8a5e9-5a9b-4870-bb9a-2ad04de15a49,dacb19c8-04e7-4539-b6a9-c99f511f31a3,c6f84c27-f194-48d8-a894-b48dfee37a13,1b471b0c-7189-4948-a4e1-20102a90ab56,2ff12b7f-e82c-40e6-8f10-31899181abd9,cf622cd1-531c-4cb3-a27e-97cb47f396b7,ad2a5463-0861-4fb2-8e1c-c64efc609129,c1cca5a2-5411-4ed5-86d1-8fccebbef2e2,ff38e824-6ce4-47ff-8d5b-02aa33d5762d,0385f75e-dd66-429f-a58c-fbb3536a15fe
