aaseqid_gene	s1
aaseq1_ENSG00000108654.15	50
NOTPRO_ENSG00000108654.15	61
aaseq2_ENSG00000133703.12	17
aaseq3_ENSG00000133703.12	133
aaseq6_ENSG00000133703.12	9
aaseq4_ENSG00000125991.19	49
aaseq5_ENSG00000125991.19	8
NOTPRO_ENSG00000125991.19	49
