HISEQ:1287:HKCG7BCX3:1:1105:8148:44134-0_ENSG00000108654.15	HISEQ:1287:HKCG7BCX3:1:1111:8351:72995,HISEQ:1287:HKCG7BCX3:1:1102:1157:18594,HISEQ:1287:HKCG7BCX3:1:1108:20537:27471,HISEQ:1287:HKCG7BCX3:1:1102:20998:18379,HISEQ:1287:HKCG7BCX3:1:1105:16474:37354,HISEQ:1287:HKCG7BCX3:1:1101:10722:76174,HISEQ:1287:HKCG7BCX3:1:1102:12225:92692,HISEQ:1287:HKCG7BCX3:1:1106:19827:32350,HISEQ:1287:HKCG7BCX3:1:1107:9964:56874,HISEQ:1287:HKCG7BCX3:1:1105:2037:68360,HISEQ:1287:HKCG7BCX3:1:1103:16449:23136,HISEQ:1287:HKCG7BCX3:1:1111:8204:60183,HISEQ:1287:HKCG7BCX3:1:1114:10450:30701,HISEQ:1287:HKCG7BCX3:1:1105:7241:54345,HISEQ:1287:HKCG7BCX3:1:1101:12504:86667,HISEQ:1287:HKCG7BCX3:1:1106:17375:16236,HISEQ:1287:HKCG7BCX3:1:1102:3672:71069,HISEQ:1287:HKCG7BCX3:1:1105:16259:19589,HISEQ:1287:HKCG7BCX3:1:1108:14877:37662,HISEQ:1287:HKCG7BCX3:1:1107:2933:67065,HISEQ:1287:HKCG7BCX3:1:1111:4674:13057,HISEQ:1287:HKCG7BCX3:1:1107:16361:47877,HISEQ:1287:HKCG7BCX3:1:1102:11909:93390,HISEQ:1287:HKCG7BCX3:1:1111:5443:74789,HISEQ:1287:HKCG7BCX3:1:1105:16081:99007,HISEQ:1287:HKCG7BCX3:1:1104:6942:30224,HISEQ:1287:HKCG7BCX3:1:1108:11303:74796,HISEQ:1287:HKCG7BCX3:1:1106:19962:22442,HISEQ:1287:HKCG7BCX3:1:1103:7468:61260,HISEQ:1287:HKCG7BCX3:1:1112:17735:30800,HISEQ:1287:HKCG7BCX3:1:1103:1619:5270,HISEQ:1287:HKCG7BCX3:1:1109:19221:94532,HISEQ:1287:HKCG7BCX3:1:1114:5994:13846,HISEQ:1287:HKCG7BCX3:1:1105:2836:68501,HISEQ:1287:HKCG7BCX3:1:1101:3012:40533,HISEQ:1287:HKCG7BCX3:1:1108:11890:4978,HISEQ:1287:HKCG7BCX3:1:1113:9331:68394,HISEQ:1287:HKCG7BCX3:1:1101:7203:48511,HISEQ:1287:HKCG7BCX3:1:1101:7930:64703,HISEQ:1287:HKCG7BCX3:1:1101:2327:64653,HISEQ:1287:HKCG7BCX3:1:1105:8148:44134,HISEQ:1287:HKCG7BCX3:1:1108:20010:14395,HISEQ:1287:HKCG7BCX3:1:1108:3177:59170,HISEQ:1287:HKCG7BCX3:1:1105:11697:84376,HISEQ:1287:HKCG7BCX3:1:1110:14480:37777,HISEQ:1287:HKCG7BCX3:1:1114:19410:25096,HISEQ:1287:HKCG7BCX3:1:1108:6499:86210,HISEQ:1287:HKCG7BCX3:1:1111:5674:98925,HISEQ:1287:HKCG7BCX3:1:1108:17970:72621,HISEQ:1287:HKCG7BCX3:1:1110:8450:39433,HISEQ:1287:HKCG7BCX3:1:1106:6375:23077,HISEQ:1287:HKCG7BCX3:1:1105:4926:6916,HISEQ:1287:HKCG7BCX3:1:1113:7463:82179,HISEQ:1287:HKCG7BCX3:1:1106:15183:84787,HISEQ:1287:HKCG7BCX3:1:1104:21182:24433,HISEQ:1287:HKCG7BCX3:1:1102:10217:79494,HISEQ:1287:HKCG7BCX3:1:1108:18004:29203,HISEQ:1287:HKCG7BCX3:1:1106:7157:73959
HISEQ:1287:HKCG7BCX3:1:1102:4364:26268-0_ENSG00000108654.15	HISEQ:1287:HKCG7BCX3:1:1102:4364:26268,HISEQ:1287:HKCG7BCX3:1:1107:6378:31752,HISEQ:1287:HKCG7BCX3:1:1106:17432:40500,HISEQ:1287:HKCG7BCX3:1:1105:1794:47977,HISEQ:1287:HKCG7BCX3:1:1101:19123:70469,HISEQ:1287:HKCG7BCX3:1:1109:12594:77277
HISEQ:1287:HKCG7BCX3:1:1106:15192:70510-0_ENSG00000108654.15	HISEQ:1287:HKCG7BCX3:1:1106:13212:86899,HISEQ:1287:HKCG7BCX3:1:1106:15192:70510,HISEQ:1287:HKCG7BCX3:1:1103:10756:91808,HISEQ:1287:HKCG7BCX3:1:1106:12230:5492,HISEQ:1287:HKCG7BCX3:1:1101:8395:72757
HISEQ:1287:HKCG7BCX3:1:1105:11786:63874-0_ENSG00000108654.15	HISEQ:1287:HKCG7BCX3:1:1102:11500:39441,HISEQ:1287:HKCG7BCX3:1:1105:12890:65147,HISEQ:1287:HKCG7BCX3:1:1105:11786:63874
HISEQ:1287:HKCG7BCX3:1:1112:7385:16672-0_ENSG00000108654.15	HISEQ:1287:HKCG7BCX3:1:1101:14984:46616,HISEQ:1287:HKCG7BCX3:1:1105:9813:45116,HISEQ:1287:HKCG7BCX3:1:1112:2511:59357,HISEQ:1287:HKCG7BCX3:1:1110:6546:88131,HISEQ:1287:HKCG7BCX3:1:1106:14409:42463,HISEQ:1287:HKCG7BCX3:1:1112:7385:16672,HISEQ:1287:HKCG7BCX3:1:1106:9332:30532,HISEQ:1287:HKCG7BCX3:1:1101:20452:71260,HISEQ:1287:HKCG7BCX3:1:1102:16295:99833,HISEQ:1287:HKCG7BCX3:1:1105:8799:24011
HISEQ:1287:HKCG7BCX3:1:1103:5649:96402-0_ENSG00000108654.15	HISEQ:1287:HKCG7BCX3:1:1103:6895:79780,HISEQ:1287:HKCG7BCX3:1:1106:21148:100714,HISEQ:1287:HKCG7BCX3:1:1109:2411:32255,HISEQ:1287:HKCG7BCX3:1:1104:8002:98504,HISEQ:1287:HKCG7BCX3:1:1114:2280:28676,HISEQ:1287:HKCG7BCX3:1:1109:10179:93861,HISEQ:1287:HKCG7BCX3:1:1105:14115:69942,HISEQ:1287:HKCG7BCX3:1:1107:4931:71893,HISEQ:1287:HKCG7BCX3:1:1111:11104:75487,HISEQ:1287:HKCG7BCX3:1:1101:15470:33715,HISEQ:1287:HKCG7BCX3:1:1101:6481:17364,HISEQ:1287:HKCG7BCX3:1:1108:12198:55502,HISEQ:1287:HKCG7BCX3:1:1107:12544:100350,HISEQ:1287:HKCG7BCX3:1:1103:5649:96402,HISEQ:1287:HKCG7BCX3:1:1101:4672:7728
HISEQ:1287:HKCG7BCX3:1:1101:12283:18224-0_ENSG00000125991.19	HISEQ:1287:HKCG7BCX3:1:1111:18958:71498,HISEQ:1287:HKCG7BCX3:1:1106:9968:47825,HISEQ:1287:HKCG7BCX3:1:1101:17537:44867,HISEQ:1287:HKCG7BCX3:1:1108:4038:100917,HISEQ:1287:HKCG7BCX3:1:1104:10432:84080,HISEQ:1287:HKCG7BCX3:1:1112:4836:75127,HISEQ:1287:HKCG7BCX3:1:1108:12348:39758,HISEQ:1287:HKCG7BCX3:1:1110:21282:81565,HISEQ:1287:HKCG7BCX3:1:1110:15763:14443,HISEQ:1287:HKCG7BCX3:1:1112:16421:4955,HISEQ:1287:HKCG7BCX3:1:1110:3242:10336,HISEQ:1287:HKCG7BCX3:1:1102:10060:77220,HISEQ:1287:HKCG7BCX3:1:1108:13581:42880,HISEQ:1287:HKCG7BCX3:1:1108:15691:21363,HISEQ:1287:HKCG7BCX3:1:1110:3957:8121,HISEQ:1287:HKCG7BCX3:1:1111:13724:40827,HISEQ:1287:HKCG7BCX3:1:1102:17119:3186,HISEQ:1287:HKCG7BCX3:1:1109:8678:50664,HISEQ:1287:HKCG7BCX3:1:1106:11222:90926
